C:\Users\franm\Documents\MCUXpressoIDE_25.6.136\workspace\CMSISv2p00_LPC17xx\inc/core_cm3.h:928:22:NVIC_EnableIRQ	16	static
../src/TP_SIMON_DICE.c:131:5:main	8	static
../src/TP_SIMON_DICE.c:339:9:tiempo_cumplido	16	static
../src/TP_SIMON_DICE.c:348:6:systick_init	4	static
../src/TP_SIMON_DICE.c:366:6:SysTick_Handler	4	static
../src/TP_SIMON_DICE.c:375:6:EINT3_IRQHandler	16	static
../src/TP_SIMON_DICE.c:432:6:config_botones	8	static
../src/TP_SIMON_DICE.c:458:6:leds_apagar_todos	4	static
../src/TP_SIMON_DICE.c:468:6:led_mostrar	16	static
../src/TP_SIMON_DICE.c:478:6:leds_init	8	static
../src/TP_SIMON_DICE.c:499:6:led_encender	16	static
../src/TP_SIMON_DICE.c:507:6:led_apagar	16	static
../src/TP_SIMON_DICE.c:515:9:boton_sigue_presionado	16	static
