Archive member included to satisfy reference by file (symbol)

/Users/agustin/Downloads/CMSISv2p00_LPC17xx/Debug/libCMSISv2p00_LPC17xx.a(system_LPC17xx.o)
                              ./src/cr_startup_lpc175x_6x.o (SystemInit)
/Users/agustin/Downloads/CMSISv2p00_LPC17xx/Debug/libCMSISv2p00_LPC17xx.a(lpc17xx_dac.o)
                              ./src/dac.o (DAC_Init)
/Users/agustin/Downloads/CMSISv2p00_LPC17xx/Debug/libCMSISv2p00_LPC17xx.a(lpc17xx_gpdma.o)
                              ./src/dma.o (GPDMA_Init)
/Users/agustin/Downloads/CMSISv2p00_LPC17xx/Debug/libCMSISv2p00_LPC17xx.a(lpc17xx_gpio.o)
                              ./src/gpio.o (GPIO_SetDir)
/Users/agustin/Downloads/CMSISv2p00_LPC17xx/Debug/libCMSISv2p00_LPC17xx.a(lpc17xx_libcfg_default.o)
                              /Users/agustin/Downloads/CMSISv2p00_LPC17xx/Debug/libCMSISv2p00_LPC17xx.a(lpc17xx_dac.o) (check_failed)
/Users/agustin/Downloads/CMSISv2p00_LPC17xx/Debug/libCMSISv2p00_LPC17xx.a(lpc17xx_pinsel.o)
                              ./src/gpio.o (PINSEL_ConfigPin)
/Users/agustin/Downloads/CMSISv2p00_LPC17xx/Debug/libCMSISv2p00_LPC17xx.a(lpc17xx_timer.o)
                              ./src/main.o (TIM_GetIntStatus)
/Users/agustin/Downloads/CMSISv2p00_LPC17xx/Debug/libCMSISv2p00_LPC17xx.a(lpc17xx_clkpwr.o)
                              /Users/agustin/Downloads/CMSISv2p00_LPC17xx/Debug/libCMSISv2p00_LPC17xx.a(lpc17xx_timer.o) (CLKPWR_SetPCLKDiv)
/Applications/MCUXpressoIDE_11.10.0_3148/ide/plugins/com.nxp.mcuxpresso.tools.macosx_11.10.0.202311280810/tools/bin/../lib/gcc/arm-none-eabi/13.2.1/../../../../arm-none-eabi/lib/thumb/v7-m/nofp/libcr_c.a(__weak__main.o)
                              ./src/cr_startup_lpc175x_6x.o (__main)
/Applications/MCUXpressoIDE_11.10.0_3148/ide/plugins/com.nxp.mcuxpresso.tools.macosx_11.10.0.202311280810/tools/bin/../lib/gcc/arm-none-eabi/13.2.1/thumb/v7-m/nofp/libcr_eabihelpers.a(division_64.o)
                              /Users/agustin/Downloads/CMSISv2p00_LPC17xx/Debug/libCMSISv2p00_LPC17xx.a(system_LPC17xx.o) (__aeabi_ldivmod)
/Applications/MCUXpressoIDE_11.10.0_3148/ide/plugins/com.nxp.mcuxpresso.tools.macosx_11.10.0.202311280810/tools/bin/../lib/gcc/arm-none-eabi/13.2.1/thumb/v7-m/nofp/libcr_eabihelpers.a(division_idiv0.o)
                              /Applications/MCUXpressoIDE_11.10.0_3148/ide/plugins/com.nxp.mcuxpresso.tools.macosx_11.10.0.202311280810/tools/bin/../lib/gcc/arm-none-eabi/13.2.1/thumb/v7-m/nofp/libcr_eabihelpers.a(division_64.o) (__aeabi_idiv0)

Discarded input sections

 .group         0x00000000        0xc ./src/buzzer.o
 .group         0x00000000        0xc ./src/buzzer.o
 .group         0x00000000        0xc ./src/buzzer.o
 .group         0x00000000        0xc ./src/buzzer.o
 .group         0x00000000        0xc ./src/buzzer.o
 .group         0x00000000        0xc ./src/buzzer.o
 .group         0x00000000        0xc ./src/buzzer.o
 .group         0x00000000        0xc ./src/buzzer.o
 .group         0x00000000        0xc ./src/buzzer.o
 .group         0x00000000        0xc ./src/buzzer.o
 .group         0x00000000        0xc ./src/buzzer.o
 .group         0x00000000        0xc ./src/buzzer.o
 .group         0x00000000        0xc ./src/buzzer.o
 .group         0x00000000        0xc ./src/buzzer.o
 .group         0x00000000        0xc ./src/buzzer.o
 .group         0x00000000        0xc ./src/buzzer.o
 .text          0x00000000        0x0 ./src/buzzer.o
 .data          0x00000000        0x0 ./src/buzzer.o
 .bss           0x00000000        0x0 ./src/buzzer.o
 .group         0x00000000        0xc ./src/cr_startup_lpc175x_6x.o
 .text          0x00000000        0x0 ./src/cr_startup_lpc175x_6x.o
 .data          0x00000000        0x0 ./src/cr_startup_lpc175x_6x.o
 .bss           0x00000000        0x0 ./src/cr_startup_lpc175x_6x.o
 .debug_macro   0x00000000      0xade ./src/cr_startup_lpc175x_6x.o
 .group         0x00000000        0xc ./src/crp.o
 .group         0x00000000        0xc ./src/crp.o
 .text          0x00000000        0x0 ./src/crp.o
 .data          0x00000000        0x0 ./src/crp.o
 .bss           0x00000000        0x0 ./src/crp.o
 .debug_macro   0x00000000      0xade ./src/crp.o
 .group         0x00000000        0xc ./src/dac.o
 .group         0x00000000        0xc ./src/dac.o
 .group         0x00000000        0xc ./src/dac.o
 .group         0x00000000        0xc ./src/dac.o
 .group         0x00000000        0xc ./src/dac.o
 .group         0x00000000        0xc ./src/dac.o
 .group         0x00000000        0xc ./src/dac.o
 .group         0x00000000        0xc ./src/dac.o
 .group         0x00000000        0xc ./src/dac.o
 .group         0x00000000        0xc ./src/dac.o
 .group         0x00000000        0xc ./src/dac.o
 .group         0x00000000        0xc ./src/dac.o
 .group         0x00000000        0xc ./src/dac.o
 .text          0x00000000        0x0 ./src/dac.o
 .data          0x00000000        0x0 ./src/dac.o
 .bss           0x00000000        0x0 ./src/dac.o
[...]
Memory Configuration

Name             Origin             Length             Attributes
MFlash512        0x00000000         0x00080000         xr
RamLoc32         0x10000000         0x00008000         xrw
RamAHB32         0x2007c000         0x00008000         xrw
*default*        0x00000000         0xffffffff

Linker script and memory map

LOAD ./src/buzzer.o
LOAD ./src/cr_startup_lpc175x_6x.o
LOAD ./src/crp.o
LOAD ./src/dac.o
LOAD ./src/dma.o
LOAD ./src/gpio.o
LOAD ./src/hcsr04.o
LOAD ./src/leds.o
LOAD ./src/main.o
LOAD ./src/proximity_assistant.o
LOAD ./src/sound_ctrl.o
LOAD ./src/timer.o
LOAD ./src/transistor.o
LOAD /Users/agustin/Downloads/CMSISv2p00_LPC17xx/Debug/libCMSISv2p00_LPC17xx.a
START GROUP
LOAD /Applications/MCUXpressoIDE_11.10.0_3148/ide/plugins/com.nxp.mcuxpresso.tools.macosx_11.10.0.202311280810/tools/bin/../lib/gcc/arm-none-eabi/13.2.1/../../../../arm-none-eabi/lib/thumb/v7-m/nofp/libcr_c.a
LOAD /Applications/MCUXpressoIDE_11.10.0_3148/ide/plugins/com.nxp.mcuxpresso.tools.macosx_11.10.0.202311280810/tools/bin/../lib/gcc/arm-none-eabi/13.2.1/thumb/v7-m/nofp/libcr_eabihelpers.a
LOAD /Applications/MCUXpressoIDE_11.10.0_3148/ide/plugins/com.nxp.mcuxpresso.tools.macosx_11.10.0.202311280810/tools/bin/../lib/gcc/arm-none-eabi/13.2.1/thumb/v7-m/nofp/libgcc.a
END GROUP
                0x00000000                        __base_MFlash512 = 0x0
                0x00000000                        __base_Flash = 0x0
                0x00080000                        __top_MFlash512 = 0x80000
                0x00080000                        __top_Flash = 0x80000
                0x10000000                        __base_RamLoc32 = 0x10000000
                0x10000000                        __base_RAM = 0x10000000
                0x10008000                        __top_RamLoc32 = 0x10008000
                0x10008000                        __top_RAM = 0x10008000
                0x2007c000                        __base_RamAHB32 = 0x2007c000
                0x2007c000                        __base_RAM2 = 0x2007c000
                0x20084000                        __top_RamAHB32 = 0x20084000
                0x20084000                        __top_RAM2 = 0x20084000

.text           0x00000000     0x1db4
 FILL mask 0xff
                0x00000000                        __vectors_start__ = ABSOLUTE (.)
 *(.isr_vector)
 .isr_vector    0x00000000       0xcc ./src/cr_startup_lpc175x_6x.o
                0x00000000                g_pfnVectors
                0x000000cc                        . = ALIGN (0x4)
                0x000000cc                        __section_table_start = .
                0x000000cc                        __data_section_table = .
                0x000000cc        0x4 LONG 0x1db4 LOADADDR (.data)
                0x000000d0        0x4 LONG 0x10000000 ADDR (.data)
                0x000000d4        0x4 LONG 0x24 SIZEOF (.data)
                0x000000d8        0x4 LONG 0x1db4 LOADADDR (.data_RAM2)
                0x000000dc        0x4 LONG 0x2007c000 ADDR (.data_RAM2)
                0x000000e0        0x4 LONG 0x0 SIZEOF (.data_RAM2)
                0x000000e4                        __data_section_table_end = .
                0x000000e4                        __bss_section_table = .
                0x000000e4        0x4 LONG 0x10000024 ADDR (.bss)
                0x000000e8        0x4 LONG 0xe0 SIZEOF (.bss)
                0x000000ec        0x4 LONG 0x2007c000 ADDR (.bss_RAM2)
                0x000000f0        0x4 LONG 0x0 SIZEOF (.bss_RAM2)
                0x000000f4                        __bss_section_table_end = .
                0x000000f4                        __section_table_end = .
 *(.after_vectors*)
 .after_vectors
                0x000000f4      0x148 ./src/cr_startup_lpc175x_6x.o
                0x000000f4                data_init
                0x00000138                bss_init
                0x00000170                ResetISR
                0x000001ec                NMI_Handler
                0x000001f4                HardFault_Handler
                0x000001fc                MemManage_Handler
                0x00000204                BusFault_Handler
                0x0000020c                UsageFault_Handler
                0x00000214                SVC_Handler
                0x0000021c                DebugMon_Handler
                0x00000224                PendSV_Handler
                0x0000022c                SysTick_Handler
                0x00000234                UART1_IRQHandler
                0x00000234                EINT3_IRQHandler
                0x00000234                CANActivity_IRQHandler
                0x00000234                TIMER3_IRQHandler
                0x00000234                UART0_IRQHandler
                0x00000234                USBActivity_IRQHandler
                0x00000234                TIMER2_IRQHandler
                0x00000234                IntDefaultHandler
                0x00000234                PLL0_IRQHandler
                0x00000234                CAN_IRQHandler
                0x00000234                PLL1_IRQHandler
                0x00000234                SSP0_IRQHandler
                0x00000234                I2S_IRQHandler
                0x00000234                I2C2_IRQHandler
                0x00000234                RTC_IRQHandler
                0x00000234                SPI_IRQHandler
                0x00000234                EINT1_IRQHandler
                0x00000234                UART2_IRQHandler
                0x00000234                ADC_IRQHandler
                0x00000234                SSP1_IRQHandler
                0x00000234                USB_IRQHandler
                0x00000234                BOD_IRQHandler
                0x00000234                I2C0_IRQHandler
                0x00000234                WDT_IRQHandler
                0x00000234                QEI_IRQHandler
                0x00000234                EINT0_IRQHandler
                0x00000234                RIT_IRQHandler
                0x00000234                DMA_IRQHandler
                0x00000234                UART3_IRQHandler
                0x00000234                MCPWM_IRQHandler
                0x00000234                ENET_IRQHandler
                0x00000234                PWM1_IRQHandler
                0x00000234                I2C1_IRQHandler
                0x00000234                EINT2_IRQHandler
                0x000002fc                        . = 0x2fc
 *fill*         0x0000023c       0xc0 ff
                0x000002fc                        PROVIDE (__CRP_WORD_START__ = .)
 *(.crp)
 .crp           0x000002fc        0x4 ./src/crp.o
                0x000002fc                CRP_WORD
                0x00000300                        PROVIDE (__CRP_WORD_END__ = .)
                0x00000001                        ASSERT (! ((__CRP_WORD_START__ == __CRP_WORD_END__)), Linker CRP Enabled, but no CRP_WORD provided within application)
 *(.text*)
 .text.NVIC_SetPriority
                0x00000300       0x54 ./src/buzzer.o
 .text.Buzzer_ConfigHardware
                0x00000354       0x5c ./src/buzzer.o
 .text.Buzzer_Init
                0x000003b0       0x24 ./src/buzzer.o
                0x000003b0                Buzzer_Init
 .text.Buzzer_ApplyVolume
                0x000003d4       0x7c ./src/buzzer.o
                0x000003d4                Buzzer_ApplyVolume
 .text.DAC_Config
                0x00000450       0x44 ./src/dac.o
                0x00000450                DAC_Config
 .text.DMA_Config
                0x00000494       0x94 ./src/dma.o
                0x00000494                DMA_Config
 .text.DMA_Reload
                0x00000528       0x48 ./src/dma.o
                0x00000528                DMA_Reload
 .text.GPIO_ConfigPin
                0x00000570       0x68 ./src/gpio.o
                0x00000570                GPIO_ConfigPin
 .text.PINSEL_SetPinFunc
                0x000005d8       0x38 ./src/gpio.o
                0x000005d8                PINSEL_SetPinFunc
 .text.NVIC_SetPriority
                0x00000610       0x54 ./src/hcsr04.o
 .text.HCSR04_ConfigHardware
                0x00000664       0xa0 ./src/hcsr04.o
 .text.HCSR04_Init
                0x00000704       0x24 ./src/hcsr04.o
                0x00000704                HCSR04_Init
 .text.HCSR04_GetDistanceCm
                0x00000728       0x28 ./src/hcsr04.o
                0x00000728                HCSR04_GetDistanceCm
 .text.HCSR04_TriggerUpdate
                0x00000750       0x50 ./src/hcsr04.o
                0x00000750                HCSR04_TriggerUpdate
 .text.LED_Init
                0x000007a0       0x40 ./src/leds.o
                0x000007a0                LED_Init
 .text.LED_SetColor
                0x000007e0       0xf4 ./src/leds.o
                0x000007e0                LED_SetColor
 .text.main     0x000008d4       0x54 ./src/main.o
                0x000008d4                main
 .text.TIMER0_IRQHandler
                0x00000928       0xc0 ./src/main.o
                0x00000928                TIMER0_IRQHandler
 .text.TIMER1_IRQHandler
                0x000009e8       0x1c ./src/main.o
                0x000009e8                TIMER1_IRQHandler
 .text.PA_Init  0x00000a04       0x38 ./src/proximity_assistant.o
                0x00000a04                PA_Init
 .text.PA_SetState
                0x00000a3c       0x90 ./src/proximity_assistant.o
                0x00000a3c                PA_SetState
 .text.PA_ManageState
                0x00000acc      0x12c ./src/proximity_assistant.o
                0x00000acc                PA_ManageState
 .text.SC_Init  0x00000bf8       0x5c ./src/sound_ctrl.o
                0x00000bf8                SC_Init
 .text.SC_SetMode
                0x00000c54       0x38 ./src/sound_ctrl.o
                0x00000c54                SC_SetMode
 .text.SC_SetVolume
                0x00000c8c       0x40 ./src/sound_ctrl.o
                0x00000c8c                SC_SetVolume
 .text.SC_SetThreshold
                0x00000ccc       0x3c ./src/sound_ctrl.o
                0x00000ccc                SC_SetThreshold
 .text.SC_ShowState
                0x00000d08      0x31c ./src/sound_ctrl.o
                0x00000d08                SC_ShowState
 .text.NVIC_EnableIRQ
                0x00001024       0x30 ./src/timer.o
 .text.TIMER_ConfigStructMatch
                0x00001054       0x4e ./src/timer.o
                0x00001054                TIMER_ConfigStructMatch
 .text.TIMER_Config
                0x000010a2       0x3c ./src/timer.o
                0x000010a2                TIMER_Config
 .text.TIMER_ConfigCapture
                0x000010de       0x44 ./src/timer.o
                0x000010de                TIMER_ConfigCapture
 .text.TIMER_EnableCounter
                0x00001122       0x1e ./src/timer.o
                0x00001122                TIMER_EnableCounter
 .text.TIMER_EnableNVIC
                0x00001140       0x54 ./src/timer.o
                0x00001140                TIMER_EnableNVIC
 .text.Transistor_Init
                0x00001194       0x2c ./src/transistor.o
                0x00001194                Transistor_Init
 .text.Transistor_SetState
                0x000011c0       0x50 ./src/transistor.o
                0x000011c0                Transistor_SetState
 .text.SystemInit
                0x00001210       0xd8 /Users/agustin/Downloads/CMSISv2p00_LPC17xx/Debug/libCMSISv2p00_LPC17xx.a(system_LPC17xx.o)
                0x00001210                SystemInit
 .text.DAC_Init
                0x000012e8       0x24 /Users/agustin/Downloads/CMSISv2p00_LPC17xx/Debug/libCMSISv2p00_LPC17xx.a(lpc17xx_dac.o)
                0x000012e8                DAC_Init
 .text.DAC_ConfigDAConverterControl
                0x0000130c       0x4c /Users/agustin/Downloads/CMSISv2p00_LPC17xx/Debug/libCMSISv2p00_LPC17xx.a(lpc17xx_dac.o)
                0x0000130c                DAC_ConfigDAConverterControl
 .text.DAC_SetDMATimeOut
                0x00001358       0x24 /Users/agustin/Downloads/CMSISv2p00_LPC17xx/Debug/libCMSISv2p00_LPC17xx.a(lpc17xx_dac.o)
                0x00001358                DAC_SetDMATimeOut
 .text.GPDMA_Init
                0x0000137c       0x38 /Users/agustin/Downloads/CMSISv2p00_LPC17xx/Debug/libCMSISv2p00_LPC17xx.a(lpc17xx_gpdma.o)
                0x0000137c                GPDMA_Init
 .text.GPDMA_Setup
                0x000013b4      0x1d0 /Users/agustin/Downloads/CMSISv2p00_LPC17xx/Debug/libCMSISv2p00_LPC17xx.a(lpc17xx_gpdma.o)
                0x000013b4                GPDMA_Setup
 .text.GPDMA_ChannelCmd
                0x00001584       0x1c /Users/agustin/Downloads/CMSISv2p00_LPC17xx/Debug/libCMSISv2p00_LPC17xx.a(lpc17xx_gpdma.o)
                0x00001584                GPDMA_ChannelCmd
 .text.GPIO_GetPointer
                0x000015a0       0x12 /Users/agustin/Downloads/CMSISv2p00_LPC17xx/Debug/libCMSISv2p00_LPC17xx.a(lpc17xx_gpio.o)
 .text.GPIO_SetDir
                0x000015b2       0x18 /Users/agustin/Downloads/CMSISv2p00_LPC17xx/Debug/libCMSISv2p00_LPC17xx.a(lpc17xx_gpio.o)
                0x000015b2                GPIO_SetDir
 .text.GPIO_SetValue
                0x000015ca        0xc /Users/agustin/Downloads/CMSISv2p00_LPC17xx/Debug/libCMSISv2p00_LPC17xx.a(lpc17xx_gpio.o)
                0x000015ca                GPIO_SetValue
 .text.GPIO_ClearValue
                0x000015d6        0xc /Users/agustin/Downloads/CMSISv2p00_LPC17xx/Debug/libCMSISv2p00_LPC17xx.a(lpc17xx_gpio.o)
                0x000015d6                GPIO_ClearValue
 .text.GPIO_ReadValue
                0x000015e2        0xc /Users/agustin/Downloads/CMSISv2p00_LPC17xx/Debug/libCMSISv2p00_LPC17xx.a(lpc17xx_gpio.o)
                0x000015e2                GPIO_ReadValue
 .text.check_failed
                0x000015ee        0x2 /Users/agustin/Downloads/CMSISv2p00_LPC17xx/Debug/libCMSISv2p00_LPC17xx.a(lpc17xx_libcfg_default.o)
                0x000015ee                check_failed
 .text.PINSEL_ConfigPin
                0x000015f0       0x7c /Users/agustin/Downloads/CMSISv2p00_LPC17xx/Debug/libCMSISv2p00_LPC17xx.a(lpc17xx_pinsel.o)
                0x000015f0                PINSEL_ConfigPin
 .text.TIM_GetIntStatus
                0x0000166c       0x50 /Users/agustin/Downloads/CMSISv2p00_LPC17xx/Debug/libCMSISv2p00_LPC17xx.a(lpc17xx_timer.o)
                0x0000166c                TIM_GetIntStatus
 .text.TIM_ClearIntPending
                0x000016bc       0x4c /Users/agustin/Downloads/CMSISv2p00_LPC17xx/Debug/libCMSISv2p00_LPC17xx.a(lpc17xx_timer.o)
                0x000016bc                TIM_ClearIntPending
 .text.TIM_Init
                0x00001708      0x15c /Users/agustin/Downloads/CMSISv2p00_LPC17xx/Debug/libCMSISv2p00_LPC17xx.a(lpc17xx_timer.o)
                0x00001708                TIM_Init
 .text.TIM_Cmd  0x00001864       0x48 /Users/agustin/Downloads/CMSISv2p00_LPC17xx/Debug/libCMSISv2p00_LPC17xx.a(lpc17xx_timer.o)
                0x00001864                TIM_Cmd
 .text.TIM_ResetCounter
                0x000018ac       0x44 /Users/agustin/Downloads/CMSISv2p00_LPC17xx/Debug/libCMSISv2p00_LPC17xx.a(lpc17xx_timer.o)
                0x000018ac                TIM_ResetCounter
 .text.TIM_ConfigMatch
                0x000018f0       0xcc /Users/agustin/Downloads/CMSISv2p00_LPC17xx/Debug/libCMSISv2p00_LPC17xx.a(lpc17xx_timer.o)
                0x000018f0                TIM_ConfigMatch
 .text.TIM_ConfigCapture
                0x000019bc       0x78 /Users/agustin/Downloads/CMSISv2p00_LPC17xx/Debug/libCMSISv2p00_LPC17xx.a(lpc17xx_timer.o)
                0x000019bc                TIM_ConfigCapture
 .text.TIM_GetCaptureValue
                0x00001a34       0x50 /Users/agustin/Downloads/CMSISv2p00_LPC17xx/Debug/libCMSISv2p00_LPC17xx.a(lpc17xx_timer.o)
                0x00001a34                TIM_GetCaptureValue
 .text.CLKPWR_SetPCLKDiv
                0x00001a84       0x4c /Users/agustin/Downloads/CMSISv2p00_LPC17xx/Debug/libCMSISv2p00_LPC17xx.a(lpc17xx_clkpwr.o)
                0x00001a84                CLKPWR_SetPCLKDiv
 .text.CLKPWR_GetPCLKSEL
                0x00001ad0       0x20 /Users/agustin/Downloads/CMSISv2p00_LPC17xx/Debug/libCMSISv2p00_LPC17xx.a(lpc17xx_clkpwr.o)
                0x00001ad0                CLKPWR_GetPCLKSEL
 .text.CLKPWR_GetPCLK
                0x00001af0       0x20 /Users/agustin/Downloads/CMSISv2p00_LPC17xx/Debug/libCMSISv2p00_LPC17xx.a(lpc17xx_clkpwr.o)
                0x00001af0                CLKPWR_GetPCLK
 .text.CLKPWR_ConfigPPWR
                0x00001b10       0x34 /Users/agustin/Downloads/CMSISv2p00_LPC17xx/Debug/libCMSISv2p00_LPC17xx.a(lpc17xx_clkpwr.o)
                0x00001b10                CLKPWR_ConfigPPWR
 .text.__weak_main
                0x00001b44        0x4 /Applications/MCUXpressoIDE_11.10.0_3148/ide/plugins/com.nxp.mcuxpresso.tools.macosx_11.10.0.202311280810/tools/bin/../lib/gcc/arm-none-eabi/13.2.1/../../../../arm-none-eabi/lib/thumb/v7-m/nofp/libcr_c.a(__weak__main.o)
                0x00001b44                __main
                0x00001b44                __weak_main
 .text.__aeabi_division_uldivmod
                0x00001b48      0x174 /Applications/MCUXpressoIDE_11.10.0_3148/ide/plugins/com.nxp.mcuxpresso.tools.macosx_11.10.0.202311280810/tools/bin/../lib/gcc/arm-none-eabi/13.2.1/thumb/v7-m/nofp/libcr_eabihelpers.a(division_64.o)
                0x00001b48                __aeabi_uldivmod
                0x00001b4c                __bhs_ldivmod1
 .text.__aeabi_division_idiv0
                0x00001cbc        0x2 /Applications/MCUXpressoIDE_11.10.0_3148/ide/plugins/com.nxp.mcuxpresso.tools.macosx_11.10.0.202311280810/tools/bin/../lib/gcc/arm-none-eabi/13.2.1/thumb/v7-m/nofp/libcr_eabihelpers.a(division_idiv0.o)
                0x00001cbc                __aeabi_idiv0
 *(.rodata .rodata.* .constdata .constdata.*)
 *fill*         0x00001cbe        0x2 ff
 .rodata.sineBase
                0x00001cc0       0x40 ./src/buzzer.o
 .rodata.DAC_Init.str1.1
                0x00001d00       0x1e /Users/agustin/Downloads/CMSISv2p00_LPC17xx/Debug/libCMSISv2p00_LPC17xx.a(lpc17xx_dac.o)
                                  0xe (size before relaxing)
 .rodata.GPDMA_LUTPerWid
                0x00001d1e       0x18 /Users/agustin/Downloads/CMSISv2p00_LPC17xx/Debug/libCMSISv2p00_LPC17xx.a(lpc17xx_gpdma.o)
                0x00001d1e                GPDMA_LUTPerWid
 .rodata.GPDMA_LUTPerBurst
                0x00001d36       0x18 /Users/agustin/Downloads/CMSISv2p00_LPC17xx/Debug/libCMSISv2p00_LPC17xx.a(lpc17xx_gpdma.o)
                0x00001d36                GPDMA_LUTPerBurst
 *fill*         0x00001d4e        0x2 ff
 .rodata.GPDMA_LUTPerAddr
                0x00001d50       0x60 /Users/agustin/Downloads/CMSISv2p00_LPC17xx/Debug/libCMSISv2p00_LPC17xx.a(lpc17xx_gpdma.o)
                0x00001d50                GPDMA_LUTPerAddr
 .rodata.TIM_GetIntStatus.str1.1
                0x00001db0       0x10 /Users/agustin/Downloads/CMSISv2p00_LPC17xx/Debug/libCMSISv2p00_LPC17xx.a(lpc17xx_timer.o)
 .rodata.CSWTCH.5
                0x00001db0        0x4 /Users/agustin/Downloads/CMSISv2p00_LPC17xx/Debug/libCMSISv2p00_LPC17xx.a(lpc17xx_clkpwr.o)
                0x00001dc0                        . = ALIGN (0x4)

.glue_7         0x00001db4        0x0
 .glue_7        0x00001db4        0x0 linker stubs

.glue_7t        0x00001db4        0x0
 .glue_7t       0x00001db4        0x0 linker stubs

.vfp11_veneer   0x00001db4        0x0
 .vfp11_veneer  0x00001db4        0x0 linker stubs

.v4_bx          0x00001db4        0x0
 .v4_bx         0x00001db4        0x0 linker stubs

.iplt           0x00001db4        0x0
 .iplt          0x00001db4        0x0 ./src/buzzer.o

.rel.dyn        0x00001db4        0x0
 .rel.iplt      0x00001db4        0x0 ./src/buzzer.o

.ARM.extab
 *(.ARM.extab* .gnu.linkonce.armextab.*)

.ARM.exidx      0x00001db4        0x0
                0x00001db4                        __exidx_start = .
 *(.ARM.exidx* .gnu.linkonce.armexidx.*)
                0x00001db4                        __exidx_end = .
                0x00001db4                        _etext = .

.data_RAM2      0x2007c000        0x0 load address 0x00001db4
 FILL mask 0xff
                [!provide]                        PROVIDE (__start_data_RAM2 = .)
                [!provide]                        PROVIDE (__start_data_RamAHB32 = .)
 *(.ramfunc.$RAM2)
 *(.ramfunc.$RamAHB32)
 *(.data.$RAM2)
 *(.data.$RamAHB32)
 *(.data.$RAM2.*)
 *(.data.$RamAHB32.*)
                0x2007c000                        . = ALIGN (0x4)
                [!provide]                        PROVIDE (__end_data_RAM2 = .)
                [!provide]                        PROVIDE (__end_data_RamAHB32 = .)

.uninit_RESERVED
                0x10000000        0x0
                0x10000000                        _start_uninit_RESERVED = .
 *(.bss.$RESERVED*)
                0x10000000                        . = ALIGN (0x4)
                0x10000000                        _end_uninit_RESERVED = .

.data           0x10000000       0x24 load address 0x00001db4
 FILL mask 0xff
                0x10000000                        _data = .
                [!provide]                        PROVIDE (__start_data_RAM = .)
                [!provide]                        PROVIDE (__start_data_RamLoc32 = .)
 *(vtable)
 *(.ramfunc*)
 *(CodeQuickAccess)
 *(DataQuickAccess)
 *(RamFunction)
 *(.data*)
 .data.SystemCoreClock
                0x10000000        0x4 /Users/agustin/Downloads/CMSISv2p00_LPC17xx/Debug/libCMSISv2p00_LPC17xx.a(system_LPC17xx.o)
                0x10000000                SystemCoreClock
 .data.pGPDMACh
                0x10000004       0x20 /Users/agustin/Downloads/CMSISv2p00_LPC17xx/Debug/libCMSISv2p00_LPC17xx.a(lpc17xx_gpdma.o)
                0x10000004                pGPDMACh
                0x10000024                        . = ALIGN (0x4)
                0x10000024                        _edata = .
                [!provide]                        PROVIDE (__end_data_RAM = .)
                [!provide]                        PROVIDE (__end_data_RamLoc32 = .)

.igot.plt       0x10000024        0x0 load address 0x00001dd8
 .igot.plt      0x10000024        0x0 ./src/buzzer.o

.bss_RAM2       0x2007c000        0x0
                [!provide]                        PROVIDE (__start_bss_RAM2 = .)
                [!provide]                        PROVIDE (__start_bss_RamAHB32 = .)
 *(.bss.$RAM2)
 *(.bss.$RamAHB32)
 *(.bss.$RAM2.*)
 *(.bss.$RamAHB32.*)
                0x2007c000                        . = ALIGN ((. != 0x0)?0x4:0x1)
                [!provide]                        PROVIDE (__end_bss_RAM2 = .)
                [!provide]                        PROVIDE (__end_bss_RamAHB32 = .)

.bss            0x10000024       0xe0
                0x10000024                        _bss = .
                [!provide]                        PROVIDE (__start_bss_RAM = .)
                [!provide]                        PROVIDE (__start_bss_RamLoc32 = .)
 *(.bss*)
 .bss.currentLUT
                0x10000024       0x80 ./src/buzzer.o
 .bss.dacLLI    0x100000a4       0x10 ./src/dma.o
 .bss.dmaReady  0x100000b4        0x1 ./src/dma.o
 *fill*         0x100000b5        0x3 
 .bss.trigCounter.0
                0x100000b8        0x4 ./src/hcsr04.o
 .bss.frontStart.1
                0x100000bc        0x4 ./src/main.o
 .bss.rearStart.0
                0x100000c0        0x4 ./src/main.o
 .bss.distFrontFlag
                0x100000c4        0x1 ./src/proximity_assistant.o
                0x100000c4                distFrontFlag
 .bss.distRearFlag
                0x100000c5        0x1 ./src/proximity_assistant.o
                0x100000c5                distRearFlag
 *fill*         0x100000c6        0x2 
 .bss.sensor_front
                0x100000c8        0x8 ./src/proximity_assistant.o
                0x100000c8                sensor_front
 .bss.sensor_rear
                0x100000d0        0x8 ./src/proximity_assistant.o
                0x100000d0                sensor_rear
 .bss.buzzer_front
                0x100000d8       0x10 ./src/sound_ctrl.o
                0x100000d8                buzzer_front
 .bss.buzzer_rear
                0x100000e8       0x10 ./src/sound_ctrl.o
                0x100000e8                buzzer_rear
 .bss.shift.2   0x100000f8        0x1 ./src/sound_ctrl.o
 *fill*         0x100000f9        0x3 
 .bss.shiftCounter.1
                0x100000fc        0x4 ./src/sound_ctrl.o
 .bss.phaseCounter.0
                0x10000100        0x1 ./src/sound_ctrl.o
 *(COMMON)
                0x10000104                        . = ALIGN (0x4)
 *fill*         0x10000101        0x3 
                0x10000104                        _ebss = .
                [!provide]                        PROVIDE (__end_bss_RAM = .)
                [!provide]                        PROVIDE (__end_bss_RamLoc32 = .)
                [!provide]                        PROVIDE (end = .)

.noinit_RAM2    0x2007c000        0x0
                [!provide]                        PROVIDE (__start_noinit_RAM2 = .)
                [!provide]                        PROVIDE (__start_noinit_RamAHB32 = .)
 *(.noinit.$RAM2)
 *(.noinit.$RamAHB32)
 *(.noinit.$RAM2.*)
 *(.noinit.$RamAHB32.*)
                0x2007c000                        . = ALIGN (0x4)
                [!provide]                        PROVIDE (__end_noinit_RAM2 = .)
                [!provide]                        PROVIDE (__end_noinit_RamAHB32 = .)

.noinit         0x10000104        0x0
                0x10000104                        _noinit = .
                [!provide]                        PROVIDE (__start_noinit_RAM = .)
                [!provide]                        PROVIDE (__start_noinit_RamLoc32 = .)
 *(.noinit*)
                0x10000104                        . = ALIGN (0x4)
                0x10000104                        _end_noinit = .
                [!provide]                        PROVIDE (__end_noinit_RAM = .)
                [!provide]                        PROVIDE (__end_noinit_RamLoc32 = .)
                [!provide]                        PROVIDE (_pvHeapStart = DEFINED (__user_heap_base)?__user_heap_base:.)
                0x10008000                        PROVIDE (_vStackTop = DEFINED (__user_stack_top)?__user_stack_top:(__top_RamLoc32 - 0x0))
                0xefff749e                        PROVIDE (__valid_user_code_checksum = (0x0 - ((((((_vStackTop + (ResetISR + 0x1)) + (NMI_Handler + 0x1)) + (HardFault_Handler + 0x1)) + (DEFINED (MemManage_Handler)?MemManage_Handler:0x0 + 0x1)) + (DEFINED (BusFault_Handler)?BusFault_Handler:0x0 + 0x1)) + (DEFINED (UsageFault_Handler)?UsageFault_Handler:0x0 + 0x1))))
                0x00000000                        _image_start = LOADADDR (.text)
                0x00001dd8                        _image_end = (LOADADDR (.data) + SIZEOF (.data))
                0x00001dd8                        _image_size = (_image_end - _image_start)
OUTPUT(Grupo2_TP_Integrador.axf elf32-littlearm)
LOAD linker stubs

.debug_info     0x00000000     0x73fc
 .debug_info    0x00000000      0x8ef ./src/buzzer.o
 .debug_info    0x000008ef      0x2a5 ./src/cr_startup_lpc175x_6x.o
 .debug_info    0x00000b94       0x40 ./src/crp.o
 .debug_info    0x00000bd4      0x1bb ./src/dac.o
 .debug_info    0x00000d8f      0x337 ./src/dma.o
 .debug_info    0x000010c6      0x1bc ./src/gpio.o
 .debug_info    0x00001282      0x8d7 ./src/hcsr04.o
 .debug_info    0x00001b59      0x1a6 ./src/leds.o
 .debug_info    0x00001cff      0x3e2 ./src/main.o
 .debug_info    0x000020e1      0x32c ./src/proximity_assistant.o
 .debug_info    0x0000240d      0x2f2 ./src/sound_ctrl.o
 .debug_info    0x000026ff      0x8d2 ./src/timer.o
 .debug_info    0x00002fd1      0x16d ./src/transistor.o
 .debug_info    0x0000313e      0x347 /Users/agustin/Downloads/CMSISv2p00_LPC17xx/Debug/libCMSISv2p00_LPC17xx.a(system_LPC17xx.o)
 .debug_info    0x00003485      0x3a6 /Users/agustin/Downloads/CMSISv2p00_LPC17xx/Debug/libCMSISv2p00_LPC17xx.a(lpc17xx_dac.o)
 .debug_info    0x0000382b     0x1143 /Users/agustin/Downloads/CMSISv2p00_LPC17xx/Debug/libCMSISv2p00_LPC17xx.a(lpc17xx_gpdma.o)
 .debug_info    0x0000496e     0x10e9 /Users/agustin/Downloads/CMSISv2p00_LPC17xx/Debug/libCMSISv2p00_LPC17xx.a(lpc17xx_gpio.o)
 .debug_info    0x00005a57       0xd4 /Users/agustin/Downloads/CMSISv2p00_LPC17xx/Debug/libCMSISv2p00_LPC17xx.a(lpc17xx_libcfg_default.o)
 .debug_info    0x00005b2b      0x53c /Users/agustin/Downloads/CMSISv2p00_LPC17xx/Debug/libCMSISv2p00_LPC17xx.a(lpc17xx_pinsel.o)
 .debug_info    0x00006067      0xc81 /Users/agustin/Downloads/CMSISv2p00_LPC17xx/Debug/libCMSISv2p00_LPC17xx.a(lpc17xx_timer.o)
 .debug_info    0x00006ce8      0x6ca /Users/agustin/Downloads/CMSISv2p00_LPC17xx/Debug/libCMSISv2p00_LPC17xx.a(lpc17xx_clkpwr.o)
 .debug_info    0x000073b2       0x4a /Applications/MCUXpressoIDE_11.10.0_3148/ide/plugins/com.nxp.mcuxpresso.tools.macosx_11.10.0.202311280810/tools/bin/../lib/gcc/arm-none-eabi/13.2.1/../../../../arm-none-eabi/lib/thumb/v7-m/nofp/libcr_c.a(__weak__main.o)

.debug_abbrev   0x00000000     0x2072
 .debug_abbrev  0x00000000      0x249 ./src/buzzer.o
 .debug_abbrev  0x00000249      0x14d ./src/cr_startup_lpc175x_6x.o
 .debug_abbrev  0x00000396       0x38 ./src/crp.o
 .debug_abbrev  0x000003ce       0xe2 ./src/dac.o
 .debug_abbrev  0x000004b0      0x146 ./src/dma.o
 .debug_abbrev  0x000005f6       0xea ./src/gpio.o
 .debug_abbrev  0x000006e0      0x225 ./src/hcsr04.o
 .debug_abbrev  0x00000905       0xdd ./src/leds.o
 .debug_abbrev  0x000009e2      0x1b2 ./src/main.o
 .debug_abbrev  0x00000b94      0x14e ./src/proximity_assistant.o
 .debug_abbrev  0x00000ce2      0x14c ./src/sound_ctrl.o
 .debug_abbrev  0x00000e2e      0x20c ./src/timer.o
 .debug_abbrev  0x0000103a       0xcc ./src/transistor.o
 .debug_abbrev  0x00001106      0x10e /Users/agustin/Downloads/CMSISv2p00_LPC17xx/Debug/libCMSISv2p00_LPC17xx.a(system_LPC17xx.o)
 .debug_abbrev  0x00001214      0x186 /Users/agustin/Downloads/CMSISv2p00_LPC17xx/Debug/libCMSISv2p00_LPC17xx.a(lpc17xx_dac.o)
 .debug_abbrev  0x0000139a      0x290 /Users/agustin/Downloads/CMSISv2p00_LPC17xx/Debug/libCMSISv2p00_LPC17xx.a(lpc17xx_gpdma.o)
 .debug_abbrev  0x0000162a      0x2f5 /Users/agustin/Downloads/CMSISv2p00_LPC17xx/Debug/libCMSISv2p00_LPC17xx.a(lpc17xx_gpio.o)
 .debug_abbrev  0x0000191f       0x75 /Users/agustin/Downloads/CMSISv2p00_LPC17xx/Debug/libCMSISv2p00_LPC17xx.a(lpc17xx_libcfg_default.o)
 .debug_abbrev  0x00001994      0x1a3 /Users/agustin/Downloads/CMSISv2p00_LPC17xx/Debug/libCMSISv2p00_LPC17xx.a(lpc17xx_pinsel.o)
 .debug_abbrev  0x00001b37      0x2ea /Users/agustin/Downloads/CMSISv2p00_LPC17xx/Debug/libCMSISv2p00_LPC17xx.a(lpc17xx_timer.o)
 .debug_abbrev  0x00001e21      0x202 /Users/agustin/Downloads/CMSISv2p00_LPC17xx/Debug/libCMSISv2p00_LPC17xx.a(lpc17xx_clkpwr.o)
 .debug_abbrev  0x00002023       0x4f /Applications/MCUXpressoIDE_11.10.0_3148/ide/plugins/com.nxp.mcuxpresso.tools.macosx_11.10.0.202311280810/tools/bin/../lib/gcc/arm-none-eabi/13.2.1/../../../../arm-none-eabi/lib/thumb/v7-m/nofp/libcr_c.a(__weak__main.o)

.debug_aranges  0x00000000      0x5a0
 .debug_aranges
                0x00000000       0x38 ./src/buzzer.o
 .debug_aranges
                0x00000038       0x80 ./src/cr_startup_lpc175x_6x.o
 .debug_aranges
                0x000000b8       0x18 ./src/crp.o
 .debug_aranges
                0x000000d0       0x20 ./src/dac.o
 .debug_aranges
                0x000000f0       0x28 ./src/dma.o
 .debug_aranges
                0x00000118       0x28 ./src/gpio.o
 .debug_aranges
                0x00000140       0x40 ./src/hcsr04.o
 .debug_aranges
                0x00000180       0x28 ./src/leds.o
 .debug_aranges
                0x000001a8       0x30 ./src/main.o
 .debug_aranges
                0x000001d8       0x30 ./src/proximity_assistant.o
 .debug_aranges
                0x00000208       0x40 ./src/sound_ctrl.o
 .debug_aranges
                0x00000248       0x58 ./src/timer.o
 .debug_aranges
                0x000002a0       0x28 ./src/transistor.o
 .debug_aranges
                0x000002c8       0x28 /Users/agustin/Downloads/CMSISv2p00_LPC17xx/Debug/libCMSISv2p00_LPC17xx.a(system_LPC17xx.o)
 .debug_aranges
                0x000002f0       0x40 /Users/agustin/Downloads/CMSISv2p00_LPC17xx/Debug/libCMSISv2p00_LPC17xx.a(lpc17xx_dac.o)
 .debug_aranges
                0x00000330       0x40 /Users/agustin/Downloads/CMSISv2p00_LPC17xx/Debug/libCMSISv2p00_LPC17xx.a(lpc17xx_gpdma.o)
 .debug_aranges
                0x00000370       0xe8 /Users/agustin/Downloads/CMSISv2p00_LPC17xx/Debug/libCMSISv2p00_LPC17xx.a(lpc17xx_gpio.o)
 .debug_aranges
                0x00000458       0x20 /Users/agustin/Downloads/CMSISv2p00_LPC17xx/Debug/libCMSISv2p00_LPC17xx.a(lpc17xx_libcfg_default.o)
 .debug_aranges
                0x00000478       0x30 /Users/agustin/Downloads/CMSISv2p00_LPC17xx/Debug/libCMSISv2p00_LPC17xx.a(lpc17xx_pinsel.o)
 .debug_aranges
                0x000004a8       0x80 /Users/agustin/Downloads/CMSISv2p00_LPC17xx/Debug/libCMSISv2p00_LPC17xx.a(lpc17xx_timer.o)
 .debug_aranges
                0x00000528       0x58 /Users/agustin/Downloads/CMSISv2p00_LPC17xx/Debug/libCMSISv2p00_LPC17xx.a(lpc17xx_clkpwr.o)
 .debug_aranges
                0x00000580       0x20 /Applications/MCUXpressoIDE_11.10.0_3148/ide/plugins/com.nxp.mcuxpresso.tools.macosx_11.10.0.202311280810/tools/bin/../lib/gcc/arm-none-eabi/13.2.1/../../../../arm-none-eabi/lib/thumb/v7-m/nofp/libcr_c.a(__weak__main.o)

.debug_ranges   0x00000000      0x528
 .debug_ranges  0x00000000       0x28 ./src/buzzer.o
 .debug_ranges  0x00000028       0x70 ./src/cr_startup_lpc175x_6x.o
 .debug_ranges  0x00000098       0x10 ./src/dac.o
 .debug_ranges  0x000000a8       0x18 ./src/dma.o
 .debug_ranges  0x000000c0       0x18 ./src/gpio.o
 .debug_ranges  0x000000d8       0x30 ./src/hcsr04.o
 .debug_ranges  0x00000108       0x18 ./src/leds.o
 .debug_ranges  0x00000120       0x20 ./src/main.o
 .debug_ranges  0x00000140       0x20 ./src/proximity_assistant.o
 .debug_ranges  0x00000160       0x30 ./src/sound_ctrl.o
 .debug_ranges  0x00000190       0x48 ./src/timer.o
 .debug_ranges  0x000001d8       0x18 ./src/transistor.o
 .debug_ranges  0x000001f0       0x18 /Users/agustin/Downloads/CMSISv2p00_LPC17xx/Debug/libCMSISv2p00_LPC17xx.a(system_LPC17xx.o)
 .debug_ranges  0x00000208       0x30 /Users/agustin/Downloads/CMSISv2p00_LPC17xx/Debug/libCMSISv2p00_LPC17xx.a(lpc17xx_dac.o)
 .debug_ranges  0x00000238       0x30 /Users/agustin/Downloads/CMSISv2p00_LPC17xx/Debug/libCMSISv2p00_LPC17xx.a(lpc17xx_gpdma.o)
 .debug_ranges  0x00000268       0xf0 /Users/agustin/Downloads/CMSISv2p00_LPC17xx/Debug/libCMSISv2p00_LPC17xx.a(lpc17xx_gpio.o)
 .debug_ranges  0x00000358       0x10 /Users/agustin/Downloads/CMSISv2p00_LPC17xx/Debug/libCMSISv2p00_LPC17xx.a(lpc17xx_libcfg_default.o)
 .debug_ranges  0x00000368       0x80 /Users/agustin/Downloads/CMSISv2p00_LPC17xx/Debug/libCMSISv2p00_LPC17xx.a(lpc17xx_pinsel.o)
 .debug_ranges  0x000003e8       0xe8 /Users/agustin/Downloads/CMSISv2p00_LPC17xx/Debug/libCMSISv2p00_LPC17xx.a(lpc17xx_timer.o)
 .debug_ranges  0x000004d0       0x48 /Users/agustin/Downloads/CMSISv2p00_LPC17xx/Debug/libCMSISv2p00_LPC17xx.a(lpc17xx_clkpwr.o)
 .debug_ranges  0x00000518       0x10 /Applications/MCUXpressoIDE_11.10.0_3148/ide/plugins/com.nxp.mcuxpresso.tools.macosx_11.10.0.202311280810/tools/bin/../lib/gcc/arm-none-eabi/13.2.1/../../../../arm-none-eabi/lib/thumb/v7-m/nofp/libcr_c.a(__weak__main.o)

.debug_macro    0x00000000     0x4bad
 .debug_macro   0x00000000      0x102 ./src/buzzer.o
 .debug_macro   0x00000102      0xade ./src/buzzer.o
 .debug_macro   0x00000be0       0x10 ./src/buzzer.o
 .debug_macro   0x00000bf0      0x12e ./src/buzzer.o
 .debug_macro   0x00000d1e      0x5b3 ./src/buzzer.o
 .debug_macro   0x000012d1       0x1c ./src/buzzer.o
 .debug_macro   0x000012ed       0x2e ./src/buzzer.o
 .debug_macro   0x0000131b       0x18 ./src/buzzer.o
 .debug_macro   0x00001333      0x7af ./src/buzzer.o
 .debug_macro   0x00001ae2      0x2c7 ./src/buzzer.o
 .debug_macro   0x00001da9       0x63 ./src/buzzer.o
 .debug_macro   0x00001e0c       0x3a ./src/buzzer.o
 .debug_macro   0x00001e46       0x46 ./src/buzzer.o
 .debug_macro   0x00001e8c      0x13f ./src/buzzer.o
 .debug_macro   0x00001fcb      0x2ae ./src/buzzer.o
 .debug_macro   0x00002279       0x10 ./src/buzzer.o
 .debug_macro   0x00002289       0xea ./src/buzzer.o
 .debug_macro   0x00002373       0x1d ./src/cr_startup_lpc175x_6x.o
 .debug_macro   0x00002390       0x1a ./src/crp.o
 .debug_macro   0x000023aa       0x34 ./src/crp.o
 .debug_macro   0x000023de       0xc3 ./src/dac.o
 .debug_macro   0x000024a1       0xdb ./src/dma.o
 .debug_macro   0x0000257c      0x2a8 ./src/dma.o
 .debug_macro   0x00002824       0x40 ./src/dma.o
 .debug_macro   0x00002864       0xaa ./src/gpio.o
 .debug_macro   0x0000290e       0x40 ./src/gpio.o
 .debug_macro   0x0000294e       0xd8 ./src/hcsr04.o
 .debug_macro   0x00002a26       0xe4 ./src/hcsr04.o
 .debug_macro   0x00002b0a       0x4c ./src/hcsr04.o
 .debug_macro   0x00002b56      0x132 ./src/leds.o
 .debug_macro   0x00002c88       0x34 ./src/leds.o
 .debug_macro   0x00002cbc       0x1c ./src/leds.o
 .debug_macro   0x00002cd8       0x28 ./src/leds.o
 .debug_macro   0x00002d00      0x147 ./src/main.o
 .debug_macro   0x00002e47       0x22 ./src/main.o
 .debug_macro   0x00002e69      0x132 ./src/proximity_assistant.o
 .debug_macro   0x00002f9b      0x114 ./src/sound_ctrl.o
 .debug_macro   0x000030af       0x1c ./src/sound_ctrl.o
 .debug_macro   0x000030cb       0x97 ./src/timer.o
 .debug_macro   0x00003162      0x110 ./src/transistor.o
 .debug_macro   0x00003272      0x12b /Users/agustin/Downloads/CMSISv2p00_LPC17xx/Debug/libCMSISv2p00_LPC17xx.a(system_LPC17xx.o)
 .debug_macro   0x0000339d      0xad8 /Users/agustin/Downloads/CMSISv2p00_LPC17xx/Debug/libCMSISv2p00_LPC17xx.a(system_LPC17xx.o)
 .debug_macro   0x00003e75       0xa9 /Users/agustin/Downloads/CMSISv2p00_LPC17xx/Debug/libCMSISv2p00_LPC17xx.a(lpc17xx_dac.o)
 .debug_macro   0x00003f1e      0x2f1 /Users/agustin/Downloads/CMSISv2p00_LPC17xx/Debug/libCMSISv2p00_LPC17xx.a(lpc17xx_dac.o)
 .debug_macro   0x0000420f       0xdd /Users/agustin/Downloads/CMSISv2p00_LPC17xx/Debug/libCMSISv2p00_LPC17xx.a(lpc17xx_dac.o)
 .debug_macro   0x000042ec       0xa9 /Users/agustin/Downloads/CMSISv2p00_LPC17xx/Debug/libCMSISv2p00_LPC17xx.a(lpc17xx_gpdma.o)
 .debug_macro   0x00004395       0x96 /Users/agustin/Downloads/CMSISv2p00_LPC17xx/Debug/libCMSISv2p00_LPC17xx.a(lpc17xx_gpio.o)
 .debug_macro   0x0000442b       0x5a /Users/agustin/Downloads/CMSISv2p00_LPC17xx/Debug/libCMSISv2p00_LPC17xx.a(lpc17xx_libcfg_default.o)
 .debug_macro   0x00004485       0x5d /Users/agustin/Downloads/CMSISv2p00_LPC17xx/Debug/libCMSISv2p00_LPC17xx.a(lpc17xx_libcfg_default.o)
 .debug_macro   0x000044e2       0xd7 /Users/agustin/Downloads/CMSISv2p00_LPC17xx/Debug/libCMSISv2p00_LPC17xx.a(lpc17xx_libcfg_default.o)
 .debug_macro   0x000045b9       0x8d /Users/agustin/Downloads/CMSISv2p00_LPC17xx/Debug/libCMSISv2p00_LPC17xx.a(lpc17xx_pinsel.o)
 .debug_macro   0x00004646       0x1c /Users/agustin/Downloads/CMSISv2p00_LPC17xx/Debug/libCMSISv2p00_LPC17xx.a(lpc17xx_pinsel.o)
 .debug_macro   0x00004662      0x2c7 /Users/agustin/Downloads/CMSISv2p00_LPC17xx/Debug/libCMSISv2p00_LPC17xx.a(lpc17xx_pinsel.o)
 .debug_macro   0x00004929       0xb2 /Users/agustin/Downloads/CMSISv2p00_LPC17xx/Debug/libCMSISv2p00_LPC17xx.a(lpc17xx_timer.o)
 .debug_macro   0x000049db      0x145 /Users/agustin/Downloads/CMSISv2p00_LPC17xx/Debug/libCMSISv2p00_LPC17xx.a(lpc17xx_timer.o)
 .debug_macro   0x00004b20       0x8d /Users/agustin/Downloads/CMSISv2p00_LPC17xx/Debug/libCMSISv2p00_LPC17xx.a(lpc17xx_clkpwr.o)

.debug_line     0x00000000     0x57c4
 .debug_line    0x00000000      0x3fe ./src/buzzer.o
 .debug_line    0x000003fe      0x11e ./src/cr_startup_lpc175x_6x.o
 .debug_line    0x0000051c       0xbb ./src/crp.o
 .debug_line    0x000005d7      0x30c ./src/dac.o
 .debug_line    0x000008e3      0x3a5 ./src/dma.o
 .debug_line    0x00000c88      0x320 ./src/gpio.o
 .debug_line    0x00000fa8      0x3ce ./src/hcsr04.o
 .debug_line    0x00001376      0x3e6 ./src/leds.o
 .debug_line    0x0000175c      0x446 ./src/main.o
 .debug_line    0x00001ba2      0x458 ./src/proximity_assistant.o
 .debug_line    0x00001ffa      0x590 ./src/sound_ctrl.o
 .debug_line    0x0000258a      0x3c4 ./src/timer.o
 .debug_line    0x0000294e      0x3ae ./src/transistor.o
 .debug_line    0x00002cfc      0x426 /Users/agustin/Downloads/CMSISv2p00_LPC17xx/Debug/libCMSISv2p00_LPC17xx.a(system_LPC17xx.o)
 .debug_line    0x00003122      0x419 /Users/agustin/Downloads/CMSISv2p00_LPC17xx/Debug/libCMSISv2p00_LPC17xx.a(lpc17xx_dac.o)
 .debug_line    0x0000353b      0x638 /Users/agustin/Downloads/CMSISv2p00_LPC17xx/Debug/libCMSISv2p00_LPC17xx.a(lpc17xx_gpdma.o)
 .debug_line    0x00003b73      0x842 /Users/agustin/Downloads/CMSISv2p00_LPC17xx/Debug/libCMSISv2p00_LPC17xx.a(lpc17xx_gpio.o)
 .debug_line    0x000043b5      0x206 /Users/agustin/Downloads/CMSISv2p00_LPC17xx/Debug/libCMSISv2p00_LPC17xx.a(lpc17xx_libcfg_default.o)
 .debug_line    0x000045bb      0x387 /Users/agustin/Downloads/CMSISv2p00_LPC17xx/Debug/libCMSISv2p00_LPC17xx.a(lpc17xx_pinsel.o)
 .debug_line    0x00004942      0x9f5 /Users/agustin/Downloads/CMSISv2p00_LPC17xx/Debug/libCMSISv2p00_LPC17xx.a(lpc17xx_timer.o)
 .debug_line    0x00005337      0x443 /Users/agustin/Downloads/CMSISv2p00_LPC17xx/Debug/libCMSISv2p00_LPC17xx.a(lpc17xx_clkpwr.o)
 .debug_line    0x0000577a       0x4a /Applications/MCUXpressoIDE_11.10.0_3148/ide/plugins/com.nxp.mcuxpresso.tools.macosx_11.10.0.202311280810/tools/bin/../lib/gcc/arm-none-eabi/13.2.1/../../../../arm-none-eabi/lib/thumb/v7-m/nofp/libcr_c.a(__weak__main.o)

.debug_str      0x00000000     0xe5a7
 .debug_str     0x00000000     0xe5a7 ./src/buzzer.o
                               0xb0d7 (size before relaxing)
 .debug_str     0x0000e5a7     0x309a ./src/cr_startup_lpc175x_6x.o
 .debug_str     0x0000e5a7     0x2f83 ./src/crp.o
 .debug_str     0x0000e5a7     0x9137 ./src/dac.o
 .debug_str     0x0000e5a7     0xa549 ./src/dma.o
 .debug_str     0x0000e5a7     0x8f40 ./src/gpio.o
 .debug_str     0x0000e5a7     0x9d57 ./src/hcsr04.o
 .debug_str     0x0000e5a7     0xae62 ./src/leds.o
 .debug_str     0x0000e5a7     0xb02c ./src/main.o
 .debug_str     0x0000e5a7     0xaf80 ./src/proximity_assistant.o
 .debug_str     0x0000e5a7     0xadb4 ./src/sound_ctrl.o
 .debug_str     0x0000e5a7     0x95ce ./src/timer.o
 .debug_str     0x0000e5a7     0xacd8 ./src/transistor.o
 .debug_str     0x0000e5a7     0x8a28 /Users/agustin/Downloads/CMSISv2p00_LPC17xx/Debug/libCMSISv2p00_LPC17xx.a(system_LPC17xx.o)
 .debug_str     0x0000e5a7     0x9dd2 /Users/agustin/Downloads/CMSISv2p00_LPC17xx/Debug/libCMSISv2p00_LPC17xx.a(lpc17xx_dac.o)
 .debug_str     0x0000e5a7     0xb473 /Users/agustin/Downloads/CMSISv2p00_LPC17xx/Debug/libCMSISv2p00_LPC17xx.a(lpc17xx_gpdma.o)
 .debug_str     0x0000e5a7     0x8f81 /Users/agustin/Downloads/CMSISv2p00_LPC17xx/Debug/libCMSISv2p00_LPC17xx.a(lpc17xx_gpio.o)
 .debug_str     0x0000e5a7     0x484f /Users/agustin/Downloads/CMSISv2p00_LPC17xx/Debug/libCMSISv2p00_LPC17xx.a(lpc17xx_libcfg_default.o)
 .debug_str     0x0000e5a7     0x8e9a /Users/agustin/Downloads/CMSISv2p00_LPC17xx/Debug/libCMSISv2p00_LPC17xx.a(lpc17xx_pinsel.o)
 .debug_str     0x0000e5a7     0xac47 /Users/agustin/Downloads/CMSISv2p00_LPC17xx/Debug/libCMSISv2p00_LPC17xx.a(lpc17xx_timer.o)
 .debug_str     0x0000e5a7     0x9c22 /Users/agustin/Downloads/CMSISv2p00_LPC17xx/Debug/libCMSISv2p00_LPC17xx.a(lpc17xx_clkpwr.o)
 .debug_str     0x0000e5a7      0x126 /Applications/MCUXpressoIDE_11.10.0_3148/ide/plugins/com.nxp.mcuxpresso.tools.macosx_11.10.0.202311280810/tools/bin/../lib/gcc/arm-none-eabi/13.2.1/../../../../arm-none-eabi/lib/thumb/v7-m/nofp/libcr_c.a(__weak__main.o)

.comment        0x00000000       0x44
 .comment       0x00000000       0x44 ./src/buzzer.o
                                 0x45 (size before relaxing)
 .comment       0x00000044       0x45 ./src/cr_startup_lpc175x_6x.o
 .comment       0x00000044       0x45 ./src/crp.o
 .comment       0x00000044       0x45 ./src/dac.o
 .comment       0x00000044       0x45 ./src/dma.o
 .comment       0x00000044       0x45 ./src/gpio.o
 .comment       0x00000044       0x45 ./src/hcsr04.o
 .comment       0x00000044       0x45 ./src/leds.o
 .comment       0x00000044       0x45 ./src/main.o
 .comment       0x00000044       0x45 ./src/proximity_assistant.o
 .comment       0x00000044       0x45 ./src/sound_ctrl.o
 .comment       0x00000044       0x45 ./src/timer.o
 .comment       0x00000044       0x45 ./src/transistor.o
 .comment       0x00000044       0x45 /Users/agustin/Downloads/CMSISv2p00_LPC17xx/Debug/libCMSISv2p00_LPC17xx.a(system_LPC17xx.o)
 .comment       0x00000044       0x45 /Users/agustin/Downloads/CMSISv2p00_LPC17xx/Debug/libCMSISv2p00_LPC17xx.a(lpc17xx_dac.o)
 .comment       0x00000044       0x45 /Users/agustin/Downloads/CMSISv2p00_LPC17xx/Debug/libCMSISv2p00_LPC17xx.a(lpc17xx_gpdma.o)
 .comment       0x00000044       0x45 /Users/agustin/Downloads/CMSISv2p00_LPC17xx/Debug/libCMSISv2p00_LPC17xx.a(lpc17xx_gpio.o)
 .comment       0x00000044       0x45 /Users/agustin/Downloads/CMSISv2p00_LPC17xx/Debug/libCMSISv2p00_LPC17xx.a(lpc17xx_libcfg_default.o)
 .comment       0x00000044       0x45 /Users/agustin/Downloads/CMSISv2p00_LPC17xx/Debug/libCMSISv2p00_LPC17xx.a(lpc17xx_pinsel.o)
 .comment       0x00000044       0x45 /Users/agustin/Downloads/CMSISv2p00_LPC17xx/Debug/libCMSISv2p00_LPC17xx.a(lpc17xx_timer.o)
 .comment       0x00000044       0x45 /Users/agustin/Downloads/CMSISv2p00_LPC17xx/Debug/libCMSISv2p00_LPC17xx.a(lpc17xx_clkpwr.o)
 .comment       0x00000044       0x45 /Applications/MCUXpressoIDE_11.10.0_3148/ide/plugins/com.nxp.mcuxpresso.tools.macosx_11.10.0.202311280810/tools/bin/../lib/gcc/arm-none-eabi/13.2.1/../../../../arm-none-eabi/lib/thumb/v7-m/nofp/libcr_c.a(__weak__main.o)

.ARM.attributes
                0x00000000       0x2b
 .ARM.attributes
                0x00000000       0x2d ./src/buzzer.o
 .ARM.attributes
                0x0000002d       0x2d ./src/cr_startup_lpc175x_6x.o
 .ARM.attributes
                0x0000005a       0x2d ./src/crp.o
 .ARM.attributes
                0x00000087       0x2d ./src/dac.o
 .ARM.attributes
                0x000000b4       0x2d ./src/dma.o
 .ARM.attributes
                0x000000e1       0x2d ./src/gpio.o
 .ARM.attributes
                0x0000010e       0x2d ./src/hcsr04.o
 .ARM.attributes
                0x0000013b       0x2d ./src/leds.o
 .ARM.attributes
                0x00000168       0x2d ./src/main.o
 .ARM.attributes
                0x00000195       0x2d ./src/proximity_assistant.o
 .ARM.attributes
                0x000001c2       0x2d ./src/sound_ctrl.o
 .ARM.attributes
                0x000001ef       0x2d ./src/timer.o
 .ARM.attributes
                0x0000021c       0x2d ./src/transistor.o
 .ARM.attributes
                0x00000249       0x2d /Users/agustin/Downloads/CMSISv2p00_LPC17xx/Debug/libCMSISv2p00_LPC17xx.a(system_LPC17xx.o)
 .ARM.attributes
                0x00000276       0x2d /Users/agustin/Downloads/CMSISv2p00_LPC17xx/Debug/libCMSISv2p00_LPC17xx.a(lpc17xx_dac.o)
 .ARM.attributes
                0x000002a3       0x2d /Users/agustin/Downloads/CMSISv2p00_LPC17xx/Debug/libCMSISv2p00_LPC17xx.a(lpc17xx_gpdma.o)
 .ARM.attributes
                0x000002d0       0x2d /Users/agustin/Downloads/CMSISv2p00_LPC17xx/Debug/libCMSISv2p00_LPC17xx.a(lpc17xx_gpio.o)
 .ARM.attributes
                0x000002fd       0x2d /Users/agustin/Downloads/CMSISv2p00_LPC17xx/Debug/libCMSISv2p00_LPC17xx.a(lpc17xx_libcfg_default.o)
 .ARM.attributes
                0x0000032a       0x2d /Users/agustin/Downloads/CMSISv2p00_LPC17xx/Debug/libCMSISv2p00_LPC17xx.a(lpc17xx_pinsel.o)
 .ARM.attributes
                0x00000357       0x2d /Users/agustin/Downloads/CMSISv2p00_LPC17xx/Debug/libCMSISv2p00_LPC17xx.a(lpc17xx_timer.o)
 .ARM.attributes
                0x00000384       0x2d /Users/agustin/Downloads/CMSISv2p00_LPC17xx/Debug/libCMSISv2p00_LPC17xx.a(lpc17xx_clkpwr.o)
 .ARM.attributes
                0x000003b1       0x2d /Applications/MCUXpressoIDE_11.10.0_3148/ide/plugins/com.nxp.mcuxpresso.tools.macosx_11.10.0.202311280810/tools/bin/../lib/gcc/arm-none-eabi/13.2.1/../../../../arm-none-eabi/lib/thumb/v7-m/nofp/libcr_c.a(__weak__main.o)
 .ARM.attributes
                0x000003de       0x1b /Applications/MCUXpressoIDE_11.10.0_3148/ide/plugins/com.nxp.mcuxpresso.tools.macosx_11.10.0.202311280810/tools/bin/../lib/gcc/arm-none-eabi/13.2.1/thumb/v7-m/nofp/libcr_eabihelpers.a(division_64.o)
 .ARM.attributes
                0x000003f9       0x1b /Applications/MCUXpressoIDE_11.10.0_3148/ide/plugins/com.nxp.mcuxpresso.tools.macosx_11.10.0.202311280810/tools/bin/../lib/gcc/arm-none-eabi/13.2.1/thumb/v7-m/nofp/libcr_eabihelpers.a(division_idiv0.o)

.debug_frame    0x00000000      0xd6c
 .debug_frame   0x00000000       0x9c ./src/buzzer.o
 .debug_frame   0x0000009c      0x170 ./src/cr_startup_lpc175x_6x.o
 .debug_frame   0x0000020c       0x34 ./src/dac.o
 .debug_frame   0x00000240       0x50 ./src/dma.o
 .debug_frame   0x00000290       0x58 ./src/gpio.o
 .debug_frame   0x000002e8       0xc0 ./src/hcsr04.o
 .debug_frame   0x000003a8       0x50 ./src/leds.o
 .debug_frame   0x000003f8       0x6c ./src/main.o
 .debug_frame   0x00000464       0x78 ./src/proximity_assistant.o
 .debug_frame   0x000004dc       0xd0 ./src/sound_ctrl.o
 .debug_frame   0x000005ac      0x13c ./src/timer.o
 .debug_frame   0x000006e8       0x50 ./src/transistor.o
 .debug_frame   0x00000738       0x38 /Users/agustin/Downloads/CMSISv2p00_LPC17xx/Debug/libCMSISv2p00_LPC17xx.a(system_LPC17xx.o)
 .debug_frame   0x00000770       0x98 /Users/agustin/Downloads/CMSISv2p00_LPC17xx/Debug/libCMSISv2p00_LPC17xx.a(lpc17xx_dac.o)
 .debug_frame   0x00000808       0x90 /Users/agustin/Downloads/CMSISv2p00_LPC17xx/Debug/libCMSISv2p00_LPC17xx.a(lpc17xx_gpdma.o)
 .debug_frame   0x00000898      0x228 /Users/agustin/Downloads/CMSISv2p00_LPC17xx/Debug/libCMSISv2p00_LPC17xx.a(lpc17xx_gpio.o)
 .debug_frame   0x00000ac0       0x20 /Users/agustin/Downloads/CMSISv2p00_LPC17xx/Debug/libCMSISv2p00_LPC17xx.a(lpc17xx_libcfg_default.o)
 .debug_frame   0x00000ae0       0x50 /Users/agustin/Downloads/CMSISv2p00_LPC17xx/Debug/libCMSISv2p00_LPC17xx.a(lpc17xx_pinsel.o)
 .debug_frame   0x00000b30      0x17c /Users/agustin/Downloads/CMSISv2p00_LPC17xx/Debug/libCMSISv2p00_LPC17xx.a(lpc17xx_timer.o)
 .debug_frame   0x00000cac       0xa0 /Users/agustin/Downloads/CMSISv2p00_LPC17xx/Debug/libCMSISv2p00_LPC17xx.a(lpc17xx_clkpwr.o)
 .debug_frame   0x00000d4c       0x20 /Applications/MCUXpressoIDE_11.10.0_3148/ide/plugins/com.nxp.mcuxpresso.tools.macosx_11.10.0.202311280810/tools/bin/../lib/gcc/arm-none-eabi/13.2.1/../../../../arm-none-eabi/lib/thumb/v7-m/nofp/libcr_c.a(__weak__main.o)

.debug_loc      0x00000000     0x1801
 .debug_loc     0x00000000      0x27d /Users/agustin/Downloads/CMSISv2p00_LPC17xx/Debug/libCMSISv2p00_LPC17xx.a(lpc17xx_dac.o)
 .debug_loc     0x0000027d      0x1d8 /Users/agustin/Downloads/CMSISv2p00_LPC17xx/Debug/libCMSISv2p00_LPC17xx.a(lpc17xx_gpdma.o)
 .debug_loc     0x00000455      0x81d /Users/agustin/Downloads/CMSISv2p00_LPC17xx/Debug/libCMSISv2p00_LPC17xx.a(lpc17xx_gpio.o)
 .debug_loc     0x00000c72       0x2a /Users/agustin/Downloads/CMSISv2p00_LPC17xx/Debug/libCMSISv2p00_LPC17xx.a(lpc17xx_libcfg_default.o)
 .debug_loc     0x00000c9c      0x162 /Users/agustin/Downloads/CMSISv2p00_LPC17xx/Debug/libCMSISv2p00_LPC17xx.a(lpc17xx_pinsel.o)
 .debug_loc     0x00000dfe      0x811 /Users/agustin/Downloads/CMSISv2p00_LPC17xx/Debug/libCMSISv2p00_LPC17xx.a(lpc17xx_timer.o)
 .debug_loc     0x0000160f      0x1f2 /Users/agustin/Downloads/CMSISv2p00_LPC17xx/Debug/libCMSISv2p00_LPC17xx.a(lpc17xx_clkpwr.o)

Cross Reference Table

Symbol                                            File
ADC_IRQHandler                                    ./src/cr_startup_lpc175x_6x.o
BOD_IRQHandler                                    ./src/cr_startup_lpc175x_6x.o
BusFault_Handler                                  ./src/cr_startup_lpc175x_6x.o
Buzzer_ApplyVolume                                ./src/buzzer.o
                                                  ./src/sound_ctrl.o
Buzzer_Init                                       ./src/buzzer.o
                                                  ./src/main.o
CANActivity_IRQHandler                            ./src/cr_startup_lpc175x_6x.o
CAN_IRQHandler                                    ./src/cr_startup_lpc175x_6x.o
CLKPWR_ConfigPPWR                                 /Users/agustin/Downloads/CMSISv2p00_LPC17xx/Debug/libCMSISv2p00_LPC17xx.a(lpc17xx_clkpwr.o)
                                                  /Users/agustin/Downloads/CMSISv2p00_LPC17xx/Debug/libCMSISv2p00_LPC17xx.a(lpc17xx_timer.o)
                                                  /Users/agustin/Downloads/CMSISv2p00_LPC17xx/Debug/libCMSISv2p00_LPC17xx.a(lpc17xx_gpdma.o)
CLKPWR_DeepPowerDown                              /Users/agustin/Downloads/CMSISv2p00_LPC17xx/Debug/libCMSISv2p00_LPC17xx.a(lpc17xx_clkpwr.o)
CLKPWR_DeepSleep                                  /Users/agustin/Downloads/CMSISv2p00_LPC17xx/Debug/libCMSISv2p00_LPC17xx.a(lpc17xx_clkpwr.o)
CLKPWR_GetPCLK                                    /Users/agustin/Downloads/CMSISv2p00_LPC17xx/Debug/libCMSISv2p00_LPC17xx.a(lpc17xx_clkpwr.o)
                                                  /Users/agustin/Downloads/CMSISv2p00_LPC17xx/Debug/libCMSISv2p00_LPC17xx.a(lpc17xx_timer.o)
CLKPWR_GetPCLKSEL                                 /Users/agustin/Downloads/CMSISv2p00_LPC17xx/Debug/libCMSISv2p00_LPC17xx.a(lpc17xx_clkpwr.o)
CLKPWR_PowerDown                                  /Users/agustin/Downloads/CMSISv2p00_LPC17xx/Debug/libCMSISv2p00_LPC17xx.a(lpc17xx_clkpwr.o)
CLKPWR_SetPCLKDiv                                 /Users/agustin/Downloads/CMSISv2p00_LPC17xx/Debug/libCMSISv2p00_LPC17xx.a(lpc17xx_clkpwr.o)
                                                  /Users/agustin/Downloads/CMSISv2p00_LPC17xx/Debug/libCMSISv2p00_LPC17xx.a(lpc17xx_timer.o)
CLKPWR_Sleep                                      /Users/agustin/Downloads/CMSISv2p00_LPC17xx/Debug/libCMSISv2p00_LPC17xx.a(lpc17xx_clkpwr.o)
CRP_WORD                                          ./src/crp.o
DAC_Config                                        ./src/dac.o
                                                  ./src/buzzer.o
DAC_ConfigDAConverterControl                      /Users/agustin/Downloads/CMSISv2p00_LPC17xx/Debug/libCMSISv2p00_LPC17xx.a(lpc17xx_dac.o)
                                                  ./src/dac.o
DAC_Init                                          /Users/agustin/Downloads/CMSISv2p00_LPC17xx/Debug/libCMSISv2p00_LPC17xx.a(lpc17xx_dac.o)
                                                  ./src/dac.o
DAC_SetBias                                       /Users/agustin/Downloads/CMSISv2p00_LPC17xx/Debug/libCMSISv2p00_LPC17xx.a(lpc17xx_dac.o)
DAC_SetDMATimeOut                                 /Users/agustin/Downloads/CMSISv2p00_LPC17xx/Debug/libCMSISv2p00_LPC17xx.a(lpc17xx_dac.o)
                                                  ./src/dac.o
DAC_UpdateValue                                   /Users/agustin/Downloads/CMSISv2p00_LPC17xx/Debug/libCMSISv2p00_LPC17xx.a(lpc17xx_dac.o)
DMA_Config                                        ./src/dma.o
                                                  ./src/buzzer.o
DMA_IRQHandler                                    ./src/cr_startup_lpc175x_6x.o
DMA_Reload                                        ./src/dma.o
                                                  ./src/buzzer.o
DebugMon_Handler                                  ./src/cr_startup_lpc175x_6x.o
EINT0_IRQHandler                                  ./src/cr_startup_lpc175x_6x.o
EINT1_IRQHandler                                  ./src/cr_startup_lpc175x_6x.o
EINT2_IRQHandler                                  ./src/cr_startup_lpc175x_6x.o
EINT3_IRQHandler                                  ./src/cr_startup_lpc175x_6x.o
ENET_IRQHandler                                   ./src/cr_startup_lpc175x_6x.o
FIO_ByteClearValue                                /Users/agustin/Downloads/CMSISv2p00_LPC17xx/Debug/libCMSISv2p00_LPC17xx.a(lpc17xx_gpio.o)
FIO_ByteReadValue                                 /Users/agustin/Downloads/CMSISv2p00_LPC17xx/Debug/libCMSISv2p00_LPC17xx.a(lpc17xx_gpio.o)
FIO_ByteSetDir                                    /Users/agustin/Downloads/CMSISv2p00_LPC17xx/Debug/libCMSISv2p00_LPC17xx.a(lpc17xx_gpio.o)
FIO_ByteSetMask                                   /Users/agustin/Downloads/CMSISv2p00_LPC17xx/Debug/libCMSISv2p00_LPC17xx.a(lpc17xx_gpio.o)
FIO_ByteSetValue                                  /Users/agustin/Downloads/CMSISv2p00_LPC17xx/Debug/libCMSISv2p00_LPC17xx.a(lpc17xx_gpio.o)
FIO_ClearInt                                      /Users/agustin/Downloads/CMSISv2p00_LPC17xx/Debug/libCMSISv2p00_LPC17xx.a(lpc17xx_gpio.o)
FIO_ClearValue                                    /Users/agustin/Downloads/CMSISv2p00_LPC17xx/Debug/libCMSISv2p00_LPC17xx.a(lpc17xx_gpio.o)
FIO_GetIntStatus                                  /Users/agustin/Downloads/CMSISv2p00_LPC17xx/Debug/libCMSISv2p00_LPC17xx.a(lpc17xx_gpio.o)
FIO_HalfWordClearValue                            /Users/agustin/Downloads/CMSISv2p00_LPC17xx/Debug/libCMSISv2p00_LPC17xx.a(lpc17xx_gpio.o)
FIO_HalfWordReadValue                             /Users/agustin/Downloads/CMSISv2p00_LPC17xx/Debug/libCMSISv2p00_LPC17xx.a(lpc17xx_gpio.o)
FIO_HalfWordSetDir                                /Users/agustin/Downloads/CMSISv2p00_LPC17xx/Debug/libCMSISv2p00_LPC17xx.a(lpc17xx_gpio.o)
FIO_HalfWordSetMask                               /Users/agustin/Downloads/CMSISv2p00_LPC17xx/Debug/libCMSISv2p00_LPC17xx.a(lpc17xx_gpio.o)
FIO_HalfWordSetValue                              /Users/agustin/Downloads/CMSISv2p00_LPC17xx/Debug/libCMSISv2p00_LPC17xx.a(lpc17xx_gpio.o)
FIO_IntCmd                                        /Users/agustin/Downloads/CMSISv2p00_LPC17xx/Debug/libCMSISv2p00_LPC17xx.a(lpc17xx_gpio.o)
FIO_ReadValue                                     /Users/agustin/Downloads/CMSISv2p00_LPC17xx/Debug/libCMSISv2p00_LPC17xx.a(lpc17xx_gpio.o)
FIO_SetDir                                        /Users/agustin/Downloads/CMSISv2p00_LPC17xx/Debug/libCMSISv2p00_LPC17xx.a(lpc17xx_gpio.o)
FIO_SetMask                                       /Users/agustin/Downloads/CMSISv2p00_LPC17xx/Debug/libCMSISv2p00_LPC17xx.a(lpc17xx_gpio.o)
FIO_SetValue                                      /Users/agustin/Downloads/CMSISv2p00_LPC17xx/Debug/libCMSISv2p00_LPC17xx.a(lpc17xx_gpio.o)
GPDMA_ChannelCmd                                  /Users/agustin/Downloads/CMSISv2p00_LPC17xx/Debug/libCMSISv2p00_LPC17xx.a(lpc17xx_gpdma.o)
                                                  ./src/dma.o
                                                  ./src/buzzer.o
GPDMA_ClearIntPending                             /Users/agustin/Downloads/CMSISv2p00_LPC17xx/Debug/libCMSISv2p00_LPC17xx.a(lpc17xx_gpdma.o)
GPDMA_Init                                        /Users/agustin/Downloads/CMSISv2p00_LPC17xx/Debug/libCMSISv2p00_LPC17xx.a(lpc17xx_gpdma.o)
                                                  ./src/dma.o
GPDMA_IntGetStatus                                /Users/agustin/Downloads/CMSISv2p00_LPC17xx/Debug/libCMSISv2p00_LPC17xx.a(lpc17xx_gpdma.o)
GPDMA_LUTPerAddr                                  /Users/agustin/Downloads/CMSISv2p00_LPC17xx/Debug/libCMSISv2p00_LPC17xx.a(lpc17xx_gpdma.o)
GPDMA_LUTPerBurst                                 /Users/agustin/Downloads/CMSISv2p00_LPC17xx/Debug/libCMSISv2p00_LPC17xx.a(lpc17xx_gpdma.o)
GPDMA_LUTPerWid                                   /Users/agustin/Downloads/CMSISv2p00_LPC17xx/Debug/libCMSISv2p00_LPC17xx.a(lpc17xx_gpdma.o)
GPDMA_Setup                                       /Users/agustin/Downloads/CMSISv2p00_LPC17xx/Debug/libCMSISv2p00_LPC17xx.a(lpc17xx_gpdma.o)
                                                  ./src/dma.o
GPIO_ClearInt                                     /Users/agustin/Downloads/CMSISv2p00_LPC17xx/Debug/libCMSISv2p00_LPC17xx.a(lpc17xx_gpio.o)
GPIO_ClearValue                                   /Users/agustin/Downloads/CMSISv2p00_LPC17xx/Debug/libCMSISv2p00_LPC17xx.a(lpc17xx_gpio.o)
                                                  ./src/transistor.o
                                                  ./src/leds.o
                                                  ./src/hcsr04.o
GPIO_ConfigPin                                    ./src/gpio.o
                                                  ./src/transistor.o
                                                  ./src/leds.o
                                                  ./src/hcsr04.o
GPIO_GetIntStatus                                 /Users/agustin/Downloads/CMSISv2p00_LPC17xx/Debug/libCMSISv2p00_LPC17xx.a(lpc17xx_gpio.o)
GPIO_IntCmd                                       /Users/agustin/Downloads/CMSISv2p00_LPC17xx/Debug/libCMSISv2p00_LPC17xx.a(lpc17xx_gpio.o)
GPIO_ReadValue                                    /Users/agustin/Downloads/CMSISv2p00_LPC17xx/Debug/libCMSISv2p00_LPC17xx.a(lpc17xx_gpio.o)
                                                  ./src/main.o
GPIO_SetDir                                       /Users/agustin/Downloads/CMSISv2p00_LPC17xx/Debug/libCMSISv2p00_LPC17xx.a(lpc17xx_gpio.o)
                                                  ./src/gpio.o
GPIO_SetValue                                     /Users/agustin/Downloads/CMSISv2p00_LPC17xx/Debug/libCMSISv2p00_LPC17xx.a(lpc17xx_gpio.o)
                                                  ./src/transistor.o
                                                  ./src/leds.o
                                                  ./src/hcsr04.o
HCSR04_GetDistanceCm                              ./src/hcsr04.o
                                                  ./src/proximity_assistant.o
HCSR04_Init                                       ./src/hcsr04.o
                                                  ./src/main.o
HCSR04_TriggerUpdate                              ./src/hcsr04.o
                                                  ./src/main.o
HardFault_Handler                                 ./src/cr_startup_lpc175x_6x.o
I2C0_IRQHandler                                   ./src/cr_startup_lpc175x_6x.o
I2C1_IRQHandler                                   ./src/cr_startup_lpc175x_6x.o
I2C2_IRQHandler                                   ./src/cr_startup_lpc175x_6x.o
I2S_IRQHandler                                    ./src/cr_startup_lpc175x_6x.o
IntDefaultHandler                                 ./src/cr_startup_lpc175x_6x.o
LED_Init                                          ./src/leds.o
                                                  ./src/main.o
LED_SetColor                                      ./src/leds.o
                                                  ./src/proximity_assistant.o
MCPWM_IRQHandler                                  ./src/cr_startup_lpc175x_6x.o
MemManage_Handler                                 ./src/cr_startup_lpc175x_6x.o
NMI_Handler                                       ./src/cr_startup_lpc175x_6x.o
PA_Init                                           ./src/proximity_assistant.o
                                                  ./src/main.o
PA_ManageState                                    ./src/proximity_assistant.o
                                                  ./src/main.o
PA_SetState                                       ./src/proximity_assistant.o
                                                  ./src/main.o
PINSEL_ConfigPin                                  /Users/agustin/Downloads/CMSISv2p00_LPC17xx/Debug/libCMSISv2p00_LPC17xx.a(lpc17xx_pinsel.o)
                                                  ./src/gpio.o
PINSEL_ConfigTraceFunc                            /Users/agustin/Downloads/CMSISv2p00_LPC17xx/Debug/libCMSISv2p00_LPC17xx.a(lpc17xx_pinsel.o)
PINSEL_SetI2C0Pins                                /Users/agustin/Downloads/CMSISv2p00_LPC17xx/Debug/libCMSISv2p00_LPC17xx.a(lpc17xx_pinsel.o)
PINSEL_SetPinFunc                                 ./src/gpio.o
                                                  ./src/hcsr04.o
                                                  ./src/dac.o
PLL0_IRQHandler                                   ./src/cr_startup_lpc175x_6x.o
PLL1_IRQHandler                                   ./src/cr_startup_lpc175x_6x.o
PWM1_IRQHandler                                   ./src/cr_startup_lpc175x_6x.o
PendSV_Handler                                    ./src/cr_startup_lpc175x_6x.o
QEI_IRQHandler                                    ./src/cr_startup_lpc175x_6x.o
RIT_IRQHandler                                    ./src/cr_startup_lpc175x_6x.o
RTC_IRQHandler                                    ./src/cr_startup_lpc175x_6x.o
ResetISR                                          ./src/cr_startup_lpc175x_6x.o
SC_Init                                           ./src/sound_ctrl.o
                                                  ./src/main.o
SC_SetMode                                        ./src/sound_ctrl.o
                                                  ./src/proximity_assistant.o
SC_SetThreshold                                   ./src/sound_ctrl.o
                                                  ./src/proximity_assistant.o
SC_SetVolume                                      ./src/sound_ctrl.o
                                                  ./src/proximity_assistant.o
SC_ShowState                                      ./src/sound_ctrl.o
                                                  ./src/main.o
SPI_IRQHandler                                    ./src/cr_startup_lpc175x_6x.o
SSP0_IRQHandler                                   ./src/cr_startup_lpc175x_6x.o
SSP1_IRQHandler                                   ./src/cr_startup_lpc175x_6x.o
SVC_Handler                                       ./src/cr_startup_lpc175x_6x.o
SysTick_Handler                                   ./src/cr_startup_lpc175x_6x.o
SystemCoreClock                                   /Users/agustin/Downloads/CMSISv2p00_LPC17xx/Debug/libCMSISv2p00_LPC17xx.a(system_LPC17xx.o)
                                                  /Users/agustin/Downloads/CMSISv2p00_LPC17xx/Debug/libCMSISv2p00_LPC17xx.a(lpc17xx_clkpwr.o)
SystemCoreClockUpdate                             /Users/agustin/Downloads/CMSISv2p00_LPC17xx/Debug/libCMSISv2p00_LPC17xx.a(system_LPC17xx.o)
SystemInit                                        /Users/agustin/Downloads/CMSISv2p00_LPC17xx/Debug/libCMSISv2p00_LPC17xx.a(system_LPC17xx.o)
                                                  ./src/cr_startup_lpc175x_6x.o
TIMER0_IRQHandler                                 ./src/main.o
                                                  ./src/cr_startup_lpc175x_6x.o
TIMER1_IRQHandler                                 ./src/main.o
                                                  ./src/cr_startup_lpc175x_6x.o
TIMER2_IRQHandler                                 ./src/cr_startup_lpc175x_6x.o
TIMER3_IRQHandler                                 ./src/cr_startup_lpc175x_6x.o
TIMER_Config                                      ./src/timer.o
                                                  ./src/hcsr04.o
                                                  ./src/buzzer.o
TIMER_ConfigCapture                               ./src/timer.o
                                                  ./src/hcsr04.o
TIMER_ConfigStructMatch                           ./src/timer.o
                                                  ./src/hcsr04.o
                                                  ./src/buzzer.o
TIMER_DisableNVIC                                 ./src/timer.o
TIMER_EnableCounter                               ./src/timer.o
                                                  ./src/hcsr04.o
                                                  ./src/buzzer.o
TIMER_EnableNVIC                                  ./src/timer.o
                                                  ./src/hcsr04.o
                                                  ./src/buzzer.o
TIM_ClearIntCapturePending                        /Users/agustin/Downloads/CMSISv2p00_LPC17xx/Debug/libCMSISv2p00_LPC17xx.a(lpc17xx_timer.o)
TIM_ClearIntPending                               /Users/agustin/Downloads/CMSISv2p00_LPC17xx/Debug/libCMSISv2p00_LPC17xx.a(lpc17xx_timer.o)
                                                  ./src/main.o
TIM_Cmd                                           /Users/agustin/Downloads/CMSISv2p00_LPC17xx/Debug/libCMSISv2p00_LPC17xx.a(lpc17xx_timer.o)
                                                  ./src/timer.o
TIM_ConfigCapture                                 /Users/agustin/Downloads/CMSISv2p00_LPC17xx/Debug/libCMSISv2p00_LPC17xx.a(lpc17xx_timer.o)
                                                  ./src/timer.o
TIM_ConfigMatch                                   /Users/agustin/Downloads/CMSISv2p00_LPC17xx/Debug/libCMSISv2p00_LPC17xx.a(lpc17xx_timer.o)
                                                  ./src/timer.o
TIM_ConfigStructInit                              /Users/agustin/Downloads/CMSISv2p00_LPC17xx/Debug/libCMSISv2p00_LPC17xx.a(lpc17xx_timer.o)
TIM_DeInit                                        /Users/agustin/Downloads/CMSISv2p00_LPC17xx/Debug/libCMSISv2p00_LPC17xx.a(lpc17xx_timer.o)
TIM_GetCaptureValue                               /Users/agustin/Downloads/CMSISv2p00_LPC17xx/Debug/libCMSISv2p00_LPC17xx.a(lpc17xx_timer.o)
                                                  ./src/main.o
TIM_GetIntCaptureStatus                           /Users/agustin/Downloads/CMSISv2p00_LPC17xx/Debug/libCMSISv2p00_LPC17xx.a(lpc17xx_timer.o)
TIM_GetIntStatus                                  /Users/agustin/Downloads/CMSISv2p00_LPC17xx/Debug/libCMSISv2p00_LPC17xx.a(lpc17xx_timer.o)
                                                  ./src/main.o
TIM_Init                                          /Users/agustin/Downloads/CMSISv2p00_LPC17xx/Debug/libCMSISv2p00_LPC17xx.a(lpc17xx_timer.o)
                                                  ./src/timer.o
TIM_ResetCounter                                  /Users/agustin/Downloads/CMSISv2p00_LPC17xx/Debug/libCMSISv2p00_LPC17xx.a(lpc17xx_timer.o)
                                                  ./src/timer.o
TIM_UpdateMatchValue                              /Users/agustin/Downloads/CMSISv2p00_LPC17xx/Debug/libCMSISv2p00_LPC17xx.a(lpc17xx_timer.o)
Transistor_Init                                   ./src/transistor.o
                                                  ./src/main.o
Transistor_SetState                               ./src/transistor.o
                                                  ./src/sound_ctrl.o
UART0_IRQHandler                                  ./src/cr_startup_lpc175x_6x.o
UART1_IRQHandler                                  ./src/cr_startup_lpc175x_6x.o
UART2_IRQHandler                                  ./src/cr_startup_lpc175x_6x.o
UART3_IRQHandler                                  ./src/cr_startup_lpc175x_6x.o
USBActivity_IRQHandler                            ./src/cr_startup_lpc175x_6x.o
USB_IRQHandler                                    ./src/cr_startup_lpc175x_6x.o
UsageFault_Handler                                ./src/cr_startup_lpc175x_6x.o
WDT_IRQHandler                                    ./src/cr_startup_lpc175x_6x.o
__aeabi_idiv0                                     /Applications/MCUXpressoIDE_11.10.0_3148/ide/plugins/com.nxp.mcuxpresso.tools.macosx_11.10.0.202311280810/tools/bin/../lib/gcc/arm-none-eabi/13.2.1/thumb/v7-m/nofp/libcr_eabihelpers.a(division_idiv0.o)
                                                  /Applications/MCUXpressoIDE_11.10.0_3148/ide/plugins/com.nxp.mcuxpresso.tools.macosx_11.10.0.202311280810/tools/bin/../lib/gcc/arm-none-eabi/13.2.1/thumb/v7-m/nofp/libcr_eabihelpers.a(division_64.o)
__aeabi_ldivmod                                   /Applications/MCUXpressoIDE_11.10.0_3148/ide/plugins/com.nxp.mcuxpresso.tools.macosx_11.10.0.202311280810/tools/bin/../lib/gcc/arm-none-eabi/13.2.1/thumb/v7-m/nofp/libcr_eabihelpers.a(division_64.o)
                                                  /Users/agustin/Downloads/CMSISv2p00_LPC17xx/Debug/libCMSISv2p00_LPC17xx.a(system_LPC17xx.o)
__aeabi_uldivmod                                  /Applications/MCUXpressoIDE_11.10.0_3148/ide/plugins/com.nxp.mcuxpresso.tools.macosx_11.10.0.202311280810/tools/bin/../lib/gcc/arm-none-eabi/13.2.1/thumb/v7-m/nofp/libcr_eabihelpers.a(division_64.o)
                                                  /Users/agustin/Downloads/CMSISv2p00_LPC17xx/Debug/libCMSISv2p00_LPC17xx.a(lpc17xx_timer.o)
                                                  /Users/agustin/Downloads/CMSISv2p00_LPC17xx/Debug/libCMSISv2p00_LPC17xx.a(system_LPC17xx.o)
__bhs_ldivmod1                                    /Applications/MCUXpressoIDE_11.10.0_3148/ide/plugins/com.nxp.mcuxpresso.tools.macosx_11.10.0.202311280810/tools/bin/../lib/gcc/arm-none-eabi/13.2.1/thumb/v7-m/nofp/libcr_eabihelpers.a(division_64.o)
__bss_section_table_end                           ./src/cr_startup_lpc175x_6x.o
__data_section_table                              ./src/cr_startup_lpc175x_6x.o
__data_section_table_end                          ./src/cr_startup_lpc175x_6x.o
__main                                            /Applications/MCUXpressoIDE_11.10.0_3148/ide/plugins/com.nxp.mcuxpresso.tools.macosx_11.10.0.202311280810/tools/bin/../lib/gcc/arm-none-eabi/13.2.1/../../../../arm-none-eabi/lib/thumb/v7-m/nofp/libcr_c.a(__weak__main.o)
                                                  ./src/cr_startup_lpc175x_6x.o
__valid_user_code_checksum                        ./src/cr_startup_lpc175x_6x.o
__weak_main                                       /Applications/MCUXpressoIDE_11.10.0_3148/ide/plugins/com.nxp.mcuxpresso.tools.macosx_11.10.0.202311280810/tools/bin/../lib/gcc/arm-none-eabi/13.2.1/../../../../arm-none-eabi/lib/thumb/v7-m/nofp/libcr_c.a(__weak__main.o)
_vStackTop                                        ./src/cr_startup_lpc175x_6x.o
bss_init                                          ./src/cr_startup_lpc175x_6x.o
buzzer_front                                      ./src/sound_ctrl.o
buzzer_rear                                       ./src/sound_ctrl.o
check_failed                                      /Users/agustin/Downloads/CMSISv2p00_LPC17xx/Debug/libCMSISv2p00_LPC17xx.a(lpc17xx_libcfg_default.o)
                                                  /Users/agustin/Downloads/CMSISv2p00_LPC17xx/Debug/libCMSISv2p00_LPC17xx.a(lpc17xx_timer.o)
                                                  /Users/agustin/Downloads/CMSISv2p00_LPC17xx/Debug/libCMSISv2p00_LPC17xx.a(lpc17xx_gpdma.o)
                                                  /Users/agustin/Downloads/CMSISv2p00_LPC17xx/Debug/libCMSISv2p00_LPC17xx.a(lpc17xx_dac.o)
data_init                                         ./src/cr_startup_lpc175x_6x.o
distFrontFlag                                     ./src/proximity_assistant.o
                                                  ./src/main.o
distRearFlag                                      ./src/proximity_assistant.o
                                                  ./src/main.o
g_pfnVectors                                      ./src/cr_startup_lpc175x_6x.o
main                                              ./src/main.o
                                                  /Applications/MCUXpressoIDE_11.10.0_3148/ide/plugins/com.nxp.mcuxpresso.tools.macosx_11.10.0.202311280810/tools/bin/../lib/gcc/arm-none-eabi/13.2.1/../../../../arm-none-eabi/lib/thumb/v7-m/nofp/libcr_c.a(__weak__main.o)
pGPDMACh                                          /Users/agustin/Downloads/CMSISv2p00_LPC17xx/Debug/libCMSISv2p00_LPC17xx.a(lpc17xx_gpdma.o)
sensor_front                                      ./src/proximity_assistant.o
sensor_rear                                       ./src/proximity_assistant.o
