Archive member included to satisfy reference by file (symbol)

C:\Users\franm\Documents\MCUXpressoIDE_25.6.136\workspace_drivers\CMSISv2p00_LPC17xx\Debug\libCMSISv2p00_LPC17xx.a(system_LPC17xx.o)
                              ./src/cr_startup_lpc175x_6x.o (SystemInit)
C:\Users\franm\Documents\MCUXpressoIDE_25.6.136\workspace_drivers\CMSISv2p00_LPC17xx\Debug\libCMSISv2p00_LPC17xx.a(lpc17xx_gpdma.o)
                              ./src/main.o (GPDMA_Init)
C:\Users\franm\Documents\MCUXpressoIDE_25.6.136\workspace_drivers\CMSISv2p00_LPC17xx\Debug\libCMSISv2p00_LPC17xx.a(lpc17xx_libcfg_default.o)
                              C:\Users\franm\Documents\MCUXpressoIDE_25.6.136\workspace_drivers\CMSISv2p00_LPC17xx\Debug\libCMSISv2p00_LPC17xx.a(lpc17xx_gpdma.o) (check_failed)
C:\Users\franm\Documents\MCUXpressoIDE_25.6.136\workspace_drivers\CMSISv2p00_LPC17xx\Debug\libCMSISv2p00_LPC17xx.a(lpc17xx_clkpwr.o)
                              C:\Users\franm\Documents\MCUXpressoIDE_25.6.136\workspace_drivers\CMSISv2p00_LPC17xx\Debug\libCMSISv2p00_LPC17xx.a(lpc17xx_gpdma.o) (CLKPWR_ConfigPPWR)
C:/nxp/MCUXpressoIDE_25.6.136/ide/plugins/com.nxp.mcuxpresso.tools.win32_25.6.0.202501151204/tools/bin/../lib/gcc/arm-none-eabi/14.2.1/../../../../arm-none-eabi/lib/thumb/v7-m/nofp\libcr_c.a(__weak__main.o)
                              ./src/cr_startup_lpc175x_6x.o (__main)
C:/nxp/MCUXpressoIDE_25.6.136/ide/plugins/com.nxp.mcuxpresso.tools.win32_25.6.0.202501151204/tools/bin/../lib/gcc/arm-none-eabi/14.2.1/thumb/v7-m/nofp\libcr_eabihelpers.a(division_64.o)
                              C:\Users\franm\Documents\MCUXpressoIDE_25.6.136\workspace_drivers\CMSISv2p00_LPC17xx\Debug\libCMSISv2p00_LPC17xx.a(system_LPC17xx.o) (__aeabi_uldivmod)
C:/nxp/MCUXpressoIDE_25.6.136/ide/plugins/com.nxp.mcuxpresso.tools.win32_25.6.0.202501151204/tools/bin/../lib/gcc/arm-none-eabi/14.2.1/thumb/v7-m/nofp\libcr_eabihelpers.a(division_idiv0.o)
                              C:/nxp/MCUXpressoIDE_25.6.136/ide/plugins/com.nxp.mcuxpresso.tools.win32_25.6.0.202501151204/tools/bin/../lib/gcc/arm-none-eabi/14.2.1/thumb/v7-m/nofp\libcr_eabihelpers.a(division_64.o) (__aeabi_idiv0)

Discarded input sections

 .group         0x00000000        0xc ./src/cr_startup_lpc175x_6x.o
 .text          0x00000000        0x0 ./src/cr_startup_lpc175x_6x.o
 .data          0x00000000        0x0 ./src/cr_startup_lpc175x_6x.o
 .bss           0x00000000        0x0 ./src/cr_startup_lpc175x_6x.o
 .group         0x00000000        0xc ./src/crp.o
 .group         0x00000000        0xc ./src/crp.o
 .text          0x00000000        0x0 ./src/crp.o
 .data          0x00000000        0x0 ./src/crp.o
 .bss           0x00000000        0x0 ./src/crp.o
 .debug_macro   0x00000000      0xade ./src/crp.o
 .group         0x00000000        0xc ./src/main.o
 .group         0x00000000        0xc ./src/main.o
 .group         0x00000000        0xc ./src/main.o
 .group         0x00000000        0xc ./src/main.o
 .group         0x00000000        0xc ./src/main.o
 .group         0x00000000        0xc ./src/main.o
 .group         0x00000000        0xc ./src/main.o
 .group         0x00000000        0xc ./src/main.o
 .group         0x00000000        0xc ./src/main.o
 .group         0x00000000        0xc ./src/main.o
 .group         0x00000000        0xc ./src/main.o
 .text          0x00000000        0x0 ./src/main.o
 .data          0x00000000        0x0 ./src/main.o
 .bss           0x00000000        0x0 ./src/main.o
 .debug_macro   0x00000000      0xade ./src/main.o
 .group         0x00000000        0xc C:\Users\franm\Documents\MCUXpressoIDE_25.6.136\workspace_drivers\CMSISv2p00_LPC17xx\Debug\libCMSISv2p00_LPC17xx.a(system_LPC17xx.o)
 .group         0x00000000        0xc C:\Users\franm\Documents\MCUXpressoIDE_25.6.136\workspace_drivers\CMSISv2p00_LPC17xx\Debug\libCMSISv2p00_LPC17xx.a(system_LPC17xx.o)
 .group         0x00000000        0xc C:\Users\franm\Documents\MCUXpressoIDE_25.6.136\workspace_drivers\CMSISv2p00_LPC17xx\Debug\libCMSISv2p00_LPC17xx.a(system_LPC17xx.o)
 .group         0x00000000        0xc C:\Users\franm\Documents\MCUXpressoIDE_25.6.136\workspace_drivers\CMSISv2p00_LPC17xx\Debug\libCMSISv2p00_LPC17xx.a(system_LPC17xx.o)
 .group         0x00000000        0xc C:\Users\franm\Documents\MCUXpressoIDE_25.6.136\workspace_drivers\CMSISv2p00_LPC17xx\Debug\libCMSISv2p00_LPC17xx.a(system_LPC17xx.o)
 .group         0x00000000        0xc C:\Users\franm\Documents\MCUXpressoIDE_25.6.136\workspace_drivers\CMSISv2p00_LPC17xx\Debug\libCMSISv2p00_LPC17xx.a(system_LPC17xx.o)
 .group         0x00000000        0xc C:\Users\franm\Documents\MCUXpressoIDE_25.6.136\workspace_drivers\CMSISv2p00_LPC17xx\Debug\libCMSISv2p00_LPC17xx.a(system_LPC17xx.o)
 .group         0x00000000        0xc C:\Users\franm\Documents\MCUXpressoIDE_25.6.136\workspace_drivers\CMSISv2p00_LPC17xx\Debug\libCMSISv2p00_LPC17xx.a(system_LPC17xx.o)
 .group         0x00000000        0xc C:\Users\franm\Documents\MCUXpressoIDE_25.6.136\workspace_drivers\CMSISv2p00_LPC17xx\Debug\libCMSISv2p00_LPC17xx.a(system_LPC17xx.o)
 .text          0x00000000        0x0 C:\Users\franm\Documents\MCUXpressoIDE_25.6.136\workspace_drivers\CMSISv2p00_LPC17xx\Debug\libCMSISv2p00_LPC17xx.a(system_LPC17xx.o)
 .data          0x00000000        0x0 C:\Users\franm\Documents\MCUXpressoIDE_25.6.136\workspace_drivers\CMSISv2p00_LPC17xx\Debug\libCMSISv2p00_LPC17xx.a(system_LPC17xx.o)
 .bss           0x00000000        0x0 C:\Users\franm\Documents\MCUXpressoIDE_25.6.136\workspace_drivers\CMSISv2p00_LPC17xx\Debug\libCMSISv2p00_LPC17xx.a(system_LPC17xx.o)
 .text.SystemCoreClockUpdate
                0x00000000       0xb8 C:\Users\franm\Documents\MCUXpressoIDE_25.6.136\workspace_drivers\CMSISv2p00_LPC17xx\Debug\libCMSISv2p00_LPC17xx.a(system_LPC17xx.o)
 .data.SystemCoreClock
                0x00000000        0x4 C:\Users\franm\Documents\MCUXpressoIDE_25.6.136\workspace_drivers\CMSISv2p00_LPC17xx\Debug\libCMSISv2p00_LPC17xx.a(system_LPC17xx.o)
 .debug_macro   0x00000000       0x10 C:\Users\franm\Documents\MCUXpressoIDE_25.6.136\workspace_drivers\CMSISv2p00_LPC17xx\Debug\libCMSISv2p00_LPC17xx.a(system_LPC17xx.o)
 .debug_macro   0x00000000      0x12e C:\Users\franm\Documents\MCUXpressoIDE_25.6.136\workspace_drivers\CMSISv2p00_LPC17xx\Debug\libCMSISv2p00_LPC17xx.a(system_LPC17xx.o)
 .debug_macro   0x00000000      0x5b3 C:\Users\franm\Documents\MCUXpressoIDE_25.6.136\workspace_drivers\CMSISv2p00_LPC17xx\Debug\libCMSISv2p00_LPC17xx.a(system_LPC17xx.o)
 .debug_macro   0x00000000       0x1c C:\Users\franm\Documents\MCUXpressoIDE_25.6.136\workspace_drivers\CMSISv2p00_LPC17xx\Debug\libCMSISv2p00_LPC17xx.a(system_LPC17xx.o)
 .debug_macro   0x00000000       0x2e C:\Users\franm\Documents\MCUXpressoIDE_25.6.136\workspace_drivers\CMSISv2p00_LPC17xx\Debug\libCMSISv2p00_LPC17xx.a(system_LPC17xx.o)
 .debug_macro   0x00000000       0x18 C:\Users\franm\Documents\MCUXpressoIDE_25.6.136\workspace_drivers\CMSISv2p00_LPC17xx\Debug\libCMSISv2p00_LPC17xx.a(system_LPC17xx.o)
 .debug_macro   0x00000000      0x7af C:\Users\franm\Documents\MCUXpressoIDE_25.6.136\workspace_drivers\CMSISv2p00_LPC17xx\Debug\libCMSISv2p00_LPC17xx.a(system_LPC17xx.o)
 .debug_macro   0x00000000      0x2c7 C:\Users\franm\Documents\MCUXpressoIDE_25.6.136\workspace_drivers\CMSISv2p00_LPC17xx\Debug\libCMSISv2p00_LPC17xx.a(system_LPC17xx.o)
 .group         0x00000000        0xc C:\Users\franm\Documents\MCUXpressoIDE_25.6.136\workspace_drivers\CMSISv2p00_LPC17xx\Debug\libCMSISv2p00_LPC17xx.a(lpc17xx_gpdma.o)
 .group         0x00000000        0xc C:\Users\franm\Documents\MCUXpressoIDE_25.6.136\workspace_drivers\CMSISv2p00_LPC17xx\Debug\libCMSISv2p00_LPC17xx.a(lpc17xx_gpdma.o)
 .group         0x00000000        0xc C:\Users\franm\Documents\MCUXpressoIDE_25.6.136\workspace_drivers\CMSISv2p00_LPC17xx\Debug\libCMSISv2p00_LPC17xx.a(lpc17xx_gpdma.o)
 .group         0x00000000        0xc C:\Users\franm\Documents\MCUXpressoIDE_25.6.136\workspace_drivers\CMSISv2p00_LPC17xx\Debug\libCMSISv2p00_LPC17xx.a(lpc17xx_gpdma.o)
 .group         0x00000000        0xc C:\Users\franm\Documents\MCUXpressoIDE_25.6.136\workspace_drivers\CMSISv2p00_LPC17xx\Debug\libCMSISv2p00_LPC17xx.a(lpc17xx_gpdma.o)
 .group         0x00000000        0xc C:\Users\franm\Documents\MCUXpressoIDE_25.6.136\workspace_drivers\CMSISv2p00_LPC17xx\Debug\libCMSISv2p00_LPC17xx.a(lpc17xx_gpdma.o)
 .group         0x00000000        0xc C:\Users\franm\Documents\MCUXpressoIDE_25.6.136\workspace_drivers\CMSISv2p00_LPC17xx\Debug\libCMSISv2p00_LPC17xx.a(lpc17xx_gpdma.o)
 .group         0x00000000        0xc C:\Users\franm\Documents\MCUXpressoIDE_25.6.136\workspace_drivers\CMSISv2p00_LPC17xx\Debug\libCMSISv2p00_LPC17xx.a(lpc17xx_gpdma.o)
 .group         0x00000000        0xc C:\Users\franm\Documents\MCUXpressoIDE_25.6.136\workspace_drivers\CMSISv2p00_LPC17xx\Debug\libCMSISv2p00_LPC17xx.a(lpc17xx_gpdma.o)
 .group         0x00000000        0xc C:\Users\franm\Documents\MCUXpressoIDE_25.6.136\workspace_drivers\CMSISv2p00_LPC17xx\Debug\libCMSISv2p00_LPC17xx.a(lpc17xx_gpdma.o)
 .group         0x00000000        0xc C:\Users\franm\Documents\MCUXpressoIDE_25.6.136\workspace_drivers\CMSISv2p00_LPC17xx\Debug\libCMSISv2p00_LPC17xx.a(lpc17xx_gpdma.o)
 .group         0x00000000        0xc C:\Users\franm\Documents\MCUXpressoIDE_25.6.136\workspace_drivers\CMSISv2p00_LPC17xx\Debug\libCMSISv2p00_LPC17xx.a(lpc17xx_gpdma.o)
 .group         0x00000000        0xc C:\Users\franm\Documents\MCUXpressoIDE_25.6.136\workspace_drivers\CMSISv2p00_LPC17xx\Debug\libCMSISv2p00_LPC17xx.a(lpc17xx_gpdma.o)
 .text          0x00000000        0x0 C:\Users\franm\Documents\MCUXpressoIDE_25.6.136\workspace_drivers\CMSISv2p00_LPC17xx\Debug\libCMSISv2p00_LPC17xx.a(lpc17xx_gpdma.o)
 .data          0x00000000        0x0 C:\Users\franm\Documents\MCUXpressoIDE_25.6.136\workspace_drivers\CMSISv2p00_LPC17xx\Debug\libCMSISv2p00_LPC17xx.a(lpc17xx_gpdma.o)
 .bss           0x00000000        0x0 C:\Users\franm\Documents\MCUXpressoIDE_25.6.136\workspace_drivers\CMSISv2p00_LPC17xx\Debug\libCMSISv2p00_LPC17xx.a(lpc17xx_gpdma.o)
 .text.GPDMA_Setup
                0x00000000      0x1d0 C:\Users\franm\Documents\MCUXpressoIDE_25.6.136\workspace_drivers\CMSISv2p00_LPC17xx\Debug\libCMSISv2p00_LPC17xx.a(lpc17xx_gpdma.o)
 .text.GPDMA_ChannelCmd
                0x00000000       0x1c C:\Users\franm\Documents\MCUXpressoIDE_25.6.136\workspace_drivers\CMSISv2p00_LPC17xx\Debug\libCMSISv2p00_LPC17xx.a(lpc17xx_gpdma.o)
 .rodata.GPDMA_IntGetStatus.str1.1
                0x00000000       0x10 C:\Users\franm\Documents\MCUXpressoIDE_25.6.136\workspace_drivers\CMSISv2p00_LPC17xx\Debug\libCMSISv2p00_LPC17xx.a(lpc17xx_gpdma.o)
 .text.GPDMA_IntGetStatus
                0x00000000       0x6c C:\Users\franm\Documents\MCUXpressoIDE_25.6.136\workspace_drivers\CMSISv2p00_LPC17xx\Debug\libCMSISv2p00_LPC17xx.a(lpc17xx_gpdma.o)
 .text.GPDMA_ClearIntPending
                0x00000000       0x4c C:\Users\franm\Documents\MCUXpressoIDE_25.6.136\workspace_drivers\CMSISv2p00_LPC17xx\Debug\libCMSISv2p00_LPC17xx.a(lpc17xx_gpdma.o)
 .rodata.GPDMA_LUTPerWid
                0x00000000       0x18 C:\Users\franm\Documents\MCUXpressoIDE_25.6.136\workspace_drivers\CMSISv2p00_LPC17xx\Debug\libCMSISv2p00_LPC17xx.a(lpc17xx_gpdma.o)
 .rodata.GPDMA_LUTPerBurst
                0x00000000       0x18 C:\Users\franm\Documents\MCUXpressoIDE_25.6.136\workspace_drivers\CMSISv2p00_LPC17xx\Debug\libCMSISv2p00_LPC17xx.a(lpc17xx_gpdma.o)
 .data.pGPDMACh
                0x00000000       0x20 C:\Users\franm\Documents\MCUXpressoIDE_25.6.136\workspace_drivers\CMSISv2p00_LPC17xx\Debug\libCMSISv2p00_LPC17xx.a(lpc17xx_gpdma.o)
 .rodata.GPDMA_LUTPerAddr
                0x00000000       0x60 C:\Users\franm\Documents\MCUXpressoIDE_25.6.136\workspace_drivers\CMSISv2p00_LPC17xx\Debug\libCMSISv2p00_LPC17xx.a(lpc17xx_gpdma.o)
 .debug_macro   0x00000000      0xad8 C:\Users\franm\Documents\MCUXpressoIDE_25.6.136\workspace_drivers\CMSISv2p00_LPC17xx\Debug\libCMSISv2p00_LPC17xx.a(lpc17xx_gpdma.o)
 .debug_macro   0x00000000       0x1c C:\Users\franm\Documents\MCUXpressoIDE_25.6.136\workspace_drivers\CMSISv2p00_LPC17xx\Debug\libCMSISv2p00_LPC17xx.a(lpc17xx_gpdma.o)
 .debug_macro   0x00000000       0x2e C:\Users\franm\Documents\MCUXpressoIDE_25.6.136\workspace_drivers\CMSISv2p00_LPC17xx\Debug\libCMSISv2p00_LPC17xx.a(lpc17xx_gpdma.o)
 .debug_macro   0x00000000       0x10 C:\Users\franm\Documents\MCUXpressoIDE_25.6.136\workspace_drivers\CMSISv2p00_LPC17xx\Debug\libCMSISv2p00_LPC17xx.a(lpc17xx_gpdma.o)
 .debug_macro   0x00000000      0x12e C:\Users\franm\Documents\MCUXpressoIDE_25.6.136\workspace_drivers\CMSISv2p00_LPC17xx\Debug\libCMSISv2p00_LPC17xx.a(lpc17xx_gpdma.o)
 .debug_macro   0x00000000      0x5b3 C:\Users\franm\Documents\MCUXpressoIDE_25.6.136\workspace_drivers\CMSISv2p00_LPC17xx\Debug\libCMSISv2p00_LPC17xx.a(lpc17xx_gpdma.o)
 .debug_macro   0x00000000       0x18 C:\Users\franm\Documents\MCUXpressoIDE_25.6.136\workspace_drivers\CMSISv2p00_LPC17xx\Debug\libCMSISv2p00_LPC17xx.a(lpc17xx_gpdma.o)
 .debug_macro   0x00000000      0x7af C:\Users\franm\Documents\MCUXpressoIDE_25.6.136\workspace_drivers\CMSISv2p00_LPC17xx\Debug\libCMSISv2p00_LPC17xx.a(lpc17xx_gpdma.o)
 .debug_macro   0x00000000      0x2c7 C:\Users\franm\Documents\MCUXpressoIDE_25.6.136\workspace_drivers\CMSISv2p00_LPC17xx\Debug\libCMSISv2p00_LPC17xx.a(lpc17xx_gpdma.o)
 .debug_macro   0x00000000       0x63 C:\Users\franm\Documents\MCUXpressoIDE_25.6.136\workspace_drivers\CMSISv2p00_LPC17xx\Debug\libCMSISv2p00_LPC17xx.a(lpc17xx_gpdma.o)
 .debug_macro   0x00000000      0x2a8 C:\Users\franm\Documents\MCUXpressoIDE_25.6.136\workspace_drivers\CMSISv2p00_LPC17xx\Debug\libCMSISv2p00_LPC17xx.a(lpc17xx_gpdma.o)
 .group         0x00000000        0xc C:\Users\franm\Documents\MCUXpressoIDE_25.6.136\workspace_drivers\CMSISv2p00_LPC17xx\Debug\libCMSISv2p00_LPC17xx.a(lpc17xx_libcfg_default.o)
 .group         0x00000000        0xc C:\Users\franm\Documents\MCUXpressoIDE_25.6.136\workspace_drivers\CMSISv2p00_LPC17xx\Debug\libCMSISv2p00_LPC17xx.a(lpc17xx_libcfg_default.o)
 .group         0x00000000        0xc C:\Users\franm\Documents\MCUXpressoIDE_25.6.136\workspace_drivers\CMSISv2p00_LPC17xx\Debug\libCMSISv2p00_LPC17xx.a(lpc17xx_libcfg_default.o)
 .group         0x00000000        0xc C:\Users\franm\Documents\MCUXpressoIDE_25.6.136\workspace_drivers\CMSISv2p00_LPC17xx\Debug\libCMSISv2p00_LPC17xx.a(lpc17xx_libcfg_default.o)
 .group         0x00000000        0xc C:\Users\franm\Documents\MCUXpressoIDE_25.6.136\workspace_drivers\CMSISv2p00_LPC17xx\Debug\libCMSISv2p00_LPC17xx.a(lpc17xx_libcfg_default.o)
 .group         0x00000000        0xc C:\Users\franm\Documents\MCUXpressoIDE_25.6.136\workspace_drivers\CMSISv2p00_LPC17xx\Debug\libCMSISv2p00_LPC17xx.a(lpc17xx_libcfg_default.o)
 .text          0x00000000        0x0 C:\Users\franm\Documents\MCUXpressoIDE_25.6.136\workspace_drivers\CMSISv2p00_LPC17xx\Debug\libCMSISv2p00_LPC17xx.a(lpc17xx_libcfg_default.o)
 .data          0x00000000        0x0 C:\Users\franm\Documents\MCUXpressoIDE_25.6.136\workspace_drivers\CMSISv2p00_LPC17xx\Debug\libCMSISv2p00_LPC17xx.a(lpc17xx_libcfg_default.o)
 .bss           0x00000000        0x0 C:\Users\franm\Documents\MCUXpressoIDE_25.6.136\workspace_drivers\CMSISv2p00_LPC17xx\Debug\libCMSISv2p00_LPC17xx.a(lpc17xx_libcfg_default.o)
 .text.check_failed
                0x00000000        0x2 C:\Users\franm\Documents\MCUXpressoIDE_25.6.136\workspace_drivers\CMSISv2p00_LPC17xx\Debug\libCMSISv2p00_LPC17xx.a(lpc17xx_libcfg_default.o)
 .debug_info    0x00000000       0xd4 C:\Users\franm\Documents\MCUXpressoIDE_25.6.136\workspace_drivers\CMSISv2p00_LPC17xx\Debug\libCMSISv2p00_LPC17xx.a(lpc17xx_libcfg_default.o)
 .debug_abbrev  0x00000000       0x75 C:\Users\franm\Documents\MCUXpressoIDE_25.6.136\workspace_drivers\CMSISv2p00_LPC17xx\Debug\libCMSISv2p00_LPC17xx.a(lpc17xx_libcfg_default.o)
 .debug_loc     0x00000000       0x2a C:\Users\franm\Documents\MCUXpressoIDE_25.6.136\workspace_drivers\CMSISv2p00_LPC17xx\Debug\libCMSISv2p00_LPC17xx.a(lpc17xx_libcfg_default.o)
 .debug_aranges
                0x00000000       0x20 C:\Users\franm\Documents\MCUXpressoIDE_25.6.136\workspace_drivers\CMSISv2p00_LPC17xx\Debug\libCMSISv2p00_LPC17xx.a(lpc17xx_libcfg_default.o)
 .debug_ranges  0x00000000       0x10 C:\Users\franm\Documents\MCUXpressoIDE_25.6.136\workspace_drivers\CMSISv2p00_LPC17xx\Debug\libCMSISv2p00_LPC17xx.a(lpc17xx_libcfg_default.o)
 .debug_macro   0x00000000       0x5a C:\Users\franm\Documents\MCUXpressoIDE_25.6.136\workspace_drivers\CMSISv2p00_LPC17xx\Debug\libCMSISv2p00_LPC17xx.a(lpc17xx_libcfg_default.o)
 .debug_macro   0x00000000      0xad8 C:\Users\franm\Documents\MCUXpressoIDE_25.6.136\workspace_drivers\CMSISv2p00_LPC17xx\Debug\libCMSISv2p00_LPC17xx.a(lpc17xx_libcfg_default.o)
 .debug_macro   0x00000000       0x10 C:\Users\franm\Documents\MCUXpressoIDE_25.6.136\workspace_drivers\CMSISv2p00_LPC17xx\Debug\libCMSISv2p00_LPC17xx.a(lpc17xx_libcfg_default.o)
 .debug_macro   0x00000000      0x12e C:\Users\franm\Documents\MCUXpressoIDE_25.6.136\workspace_drivers\CMSISv2p00_LPC17xx\Debug\libCMSISv2p00_LPC17xx.a(lpc17xx_libcfg_default.o)
 .debug_macro   0x00000000      0x5b3 C:\Users\franm\Documents\MCUXpressoIDE_25.6.136\workspace_drivers\CMSISv2p00_LPC17xx\Debug\libCMSISv2p00_LPC17xx.a(lpc17xx_libcfg_default.o)
 .debug_macro   0x00000000       0x5d C:\Users\franm\Documents\MCUXpressoIDE_25.6.136\workspace_drivers\CMSISv2p00_LPC17xx\Debug\libCMSISv2p00_LPC17xx.a(lpc17xx_libcfg_default.o)
 .debug_macro   0x00000000       0xd7 C:\Users\franm\Documents\MCUXpressoIDE_25.6.136\workspace_drivers\CMSISv2p00_LPC17xx\Debug\libCMSISv2p00_LPC17xx.a(lpc17xx_libcfg_default.o)
 .debug_line    0x00000000      0x215 C:\Users\franm\Documents\MCUXpressoIDE_25.6.136\workspace_drivers\CMSISv2p00_LPC17xx\Debug\libCMSISv2p00_LPC17xx.a(lpc17xx_libcfg_default.o)
 .debug_str     0x00000000     0x4878 C:\Users\franm\Documents\MCUXpressoIDE_25.6.136\workspace_drivers\CMSISv2p00_LPC17xx\Debug\libCMSISv2p00_LPC17xx.a(lpc17xx_libcfg_default.o)
 .comment       0x00000000       0x46 C:\Users\franm\Documents\MCUXpressoIDE_25.6.136\workspace_drivers\CMSISv2p00_LPC17xx\Debug\libCMSISv2p00_LPC17xx.a(lpc17xx_libcfg_default.o)
 .debug_frame   0x00000000       0x20 C:\Users\franm\Documents\MCUXpressoIDE_25.6.136\workspace_drivers\CMSISv2p00_LPC17xx\Debug\libCMSISv2p00_LPC17xx.a(lpc17xx_libcfg_default.o)
 .ARM.attributes
                0x00000000       0x2d C:\Users\franm\Documents\MCUXpressoIDE_25.6.136\workspace_drivers\CMSISv2p00_LPC17xx\Debug\libCMSISv2p00_LPC17xx.a(lpc17xx_libcfg_default.o)
 .group         0x00000000        0xc C:\Users\franm\Documents\MCUXpressoIDE_25.6.136\workspace_drivers\CMSISv2p00_LPC17xx\Debug\libCMSISv2p00_LPC17xx.a(lpc17xx_clkpwr.o)
 .group         0x00000000        0xc C:\Users\franm\Documents\MCUXpressoIDE_25.6.136\workspace_drivers\CMSISv2p00_LPC17xx\Debug\libCMSISv2p00_LPC17xx.a(lpc17xx_clkpwr.o)
 .group         0x00000000        0xc C:\Users\franm\Documents\MCUXpressoIDE_25.6.136\workspace_drivers\CMSISv2p00_LPC17xx\Debug\libCMSISv2p00_LPC17xx.a(lpc17xx_clkpwr.o)
 .group         0x00000000        0xc C:\Users\franm\Documents\MCUXpressoIDE_25.6.136\workspace_drivers\CMSISv2p00_LPC17xx\Debug\libCMSISv2p00_LPC17xx.a(lpc17xx_clkpwr.o)
 .group         0x00000000        0xc C:\Users\franm\Documents\MCUXpressoIDE_25.6.136\workspace_drivers\CMSISv2p00_LPC17xx\Debug\libCMSISv2p00_LPC17xx.a(lpc17xx_clkpwr.o)
 .group         0x00000000        0xc C:\Users\franm\Documents\MCUXpressoIDE_25.6.136\workspace_drivers\CMSISv2p00_LPC17xx\Debug\libCMSISv2p00_LPC17xx.a(lpc17xx_clkpwr.o)
 .group         0x00000000        0xc C:\Users\franm\Documents\MCUXpressoIDE_25.6.136\workspace_drivers\CMSISv2p00_LPC17xx\Debug\libCMSISv2p00_LPC17xx.a(lpc17xx_clkpwr.o)
 .group         0x00000000        0xc C:\Users\franm\Documents\MCUXpressoIDE_25.6.136\workspace_drivers\CMSISv2p00_LPC17xx\Debug\libCMSISv2p00_LPC17xx.a(lpc17xx_clkpwr.o)
 .group         0x00000000        0xc C:\Users\franm\Documents\MCUXpressoIDE_25.6.136\workspace_drivers\CMSISv2p00_LPC17xx\Debug\libCMSISv2p00_LPC17xx.a(lpc17xx_clkpwr.o)
 .group         0x00000000        0xc C:\Users\franm\Documents\MCUXpressoIDE_25.6.136\workspace_drivers\CMSISv2p00_LPC17xx\Debug\libCMSISv2p00_LPC17xx.a(lpc17xx_clkpwr.o)
 .group         0x00000000        0xc C:\Users\franm\Documents\MCUXpressoIDE_25.6.136\workspace_drivers\CMSISv2p00_LPC17xx\Debug\libCMSISv2p00_LPC17xx.a(lpc17xx_clkpwr.o)
 .text          0x00000000        0x0 C:\Users\franm\Documents\MCUXpressoIDE_25.6.136\workspace_drivers\CMSISv2p00_LPC17xx\Debug\libCMSISv2p00_LPC17xx.a(lpc17xx_clkpwr.o)
 .data          0x00000000        0x0 C:\Users\franm\Documents\MCUXpressoIDE_25.6.136\workspace_drivers\CMSISv2p00_LPC17xx\Debug\libCMSISv2p00_LPC17xx.a(lpc17xx_clkpwr.o)
 .bss           0x00000000        0x0 C:\Users\franm\Documents\MCUXpressoIDE_25.6.136\workspace_drivers\CMSISv2p00_LPC17xx\Debug\libCMSISv2p00_LPC17xx.a(lpc17xx_clkpwr.o)
 .text.CLKPWR_SetPCLKDiv
                0x00000000       0x4c C:\Users\franm\Documents\MCUXpressoIDE_25.6.136\workspace_drivers\CMSISv2p00_LPC17xx\Debug\libCMSISv2p00_LPC17xx.a(lpc17xx_clkpwr.o)
 .text.CLKPWR_GetPCLKSEL
                0x00000000       0x20 C:\Users\franm\Documents\MCUXpressoIDE_25.6.136\workspace_drivers\CMSISv2p00_LPC17xx\Debug\libCMSISv2p00_LPC17xx.a(lpc17xx_clkpwr.o)
 .text.CLKPWR_GetPCLK
                0x00000000       0x24 C:\Users\franm\Documents\MCUXpressoIDE_25.6.136\workspace_drivers\CMSISv2p00_LPC17xx\Debug\libCMSISv2p00_LPC17xx.a(lpc17xx_clkpwr.o)
 .text.CLKPWR_Sleep
                0x00000000       0x10 C:\Users\franm\Documents\MCUXpressoIDE_25.6.136\workspace_drivers\CMSISv2p00_LPC17xx\Debug\libCMSISv2p00_LPC17xx.a(lpc17xx_clkpwr.o)
 .text.CLKPWR_DeepSleep
                0x00000000       0x1c C:\Users\franm\Documents\MCUXpressoIDE_25.6.136\workspace_drivers\CMSISv2p00_LPC17xx\Debug\libCMSISv2p00_LPC17xx.a(lpc17xx_clkpwr.o)
 .text.CLKPWR_PowerDown
                0x00000000       0x1c C:\Users\franm\Documents\MCUXpressoIDE_25.6.136\workspace_drivers\CMSISv2p00_LPC17xx\Debug\libCMSISv2p00_LPC17xx.a(lpc17xx_clkpwr.o)
 .text.CLKPWR_DeepPowerDown
                0x00000000       0x1c C:\Users\franm\Documents\MCUXpressoIDE_25.6.136\workspace_drivers\CMSISv2p00_LPC17xx\Debug\libCMSISv2p00_LPC17xx.a(lpc17xx_clkpwr.o)
 .rodata.CSWTCH.5
                0x00000000        0x3 C:\Users\franm\Documents\MCUXpressoIDE_25.6.136\workspace_drivers\CMSISv2p00_LPC17xx\Debug\libCMSISv2p00_LPC17xx.a(lpc17xx_clkpwr.o)
 .debug_macro   0x00000000      0xad8 C:\Users\franm\Documents\MCUXpressoIDE_25.6.136\workspace_drivers\CMSISv2p00_LPC17xx\Debug\libCMSISv2p00_LPC17xx.a(lpc17xx_clkpwr.o)
 .debug_macro   0x00000000       0x2e C:\Users\franm\Documents\MCUXpressoIDE_25.6.136\workspace_drivers\CMSISv2p00_LPC17xx\Debug\libCMSISv2p00_LPC17xx.a(lpc17xx_clkpwr.o)
 .debug_macro   0x00000000       0x10 C:\Users\franm\Documents\MCUXpressoIDE_25.6.136\workspace_drivers\CMSISv2p00_LPC17xx\Debug\libCMSISv2p00_LPC17xx.a(lpc17xx_clkpwr.o)
 .debug_macro   0x00000000      0x12e C:\Users\franm\Documents\MCUXpressoIDE_25.6.136\workspace_drivers\CMSISv2p00_LPC17xx\Debug\libCMSISv2p00_LPC17xx.a(lpc17xx_clkpwr.o)
 .debug_macro   0x00000000      0x5b3 C:\Users\franm\Documents\MCUXpressoIDE_25.6.136\workspace_drivers\CMSISv2p00_LPC17xx\Debug\libCMSISv2p00_LPC17xx.a(lpc17xx_clkpwr.o)
 .debug_macro   0x00000000       0x18 C:\Users\franm\Documents\MCUXpressoIDE_25.6.136\workspace_drivers\CMSISv2p00_LPC17xx\Debug\libCMSISv2p00_LPC17xx.a(lpc17xx_clkpwr.o)
 .debug_macro   0x00000000      0x7af C:\Users\franm\Documents\MCUXpressoIDE_25.6.136\workspace_drivers\CMSISv2p00_LPC17xx\Debug\libCMSISv2p00_LPC17xx.a(lpc17xx_clkpwr.o)
 .debug_macro   0x00000000       0x63 C:\Users\franm\Documents\MCUXpressoIDE_25.6.136\workspace_drivers\CMSISv2p00_LPC17xx\Debug\libCMSISv2p00_LPC17xx.a(lpc17xx_clkpwr.o)
 .debug_macro   0x00000000      0x2f1 C:\Users\franm\Documents\MCUXpressoIDE_25.6.136\workspace_drivers\CMSISv2p00_LPC17xx\Debug\libCMSISv2p00_LPC17xx.a(lpc17xx_clkpwr.o)
 .text          0x00000000        0x0 C:/nxp/MCUXpressoIDE_25.6.136/ide/plugins/com.nxp.mcuxpresso.tools.win32_25.6.0.202501151204/tools/bin/../lib/gcc/arm-none-eabi/14.2.1/../../../../arm-none-eabi/lib/thumb/v7-m/nofp\libcr_c.a(__weak__main.o)
 .data          0x00000000        0x0 C:/nxp/MCUXpressoIDE_25.6.136/ide/plugins/com.nxp.mcuxpresso.tools.win32_25.6.0.202501151204/tools/bin/../lib/gcc/arm-none-eabi/14.2.1/../../../../arm-none-eabi/lib/thumb/v7-m/nofp\libcr_c.a(__weak__main.o)
 .bss           0x00000000        0x0 C:/nxp/MCUXpressoIDE_25.6.136/ide/plugins/com.nxp.mcuxpresso.tools.win32_25.6.0.202501151204/tools/bin/../lib/gcc/arm-none-eabi/14.2.1/../../../../arm-none-eabi/lib/thumb/v7-m/nofp\libcr_c.a(__weak__main.o)
 .text          0x00000000        0x0 C:/nxp/MCUXpressoIDE_25.6.136/ide/plugins/com.nxp.mcuxpresso.tools.win32_25.6.0.202501151204/tools/bin/../lib/gcc/arm-none-eabi/14.2.1/thumb/v7-m/nofp\libcr_eabihelpers.a(division_64.o)
 .data          0x00000000        0x0 C:/nxp/MCUXpressoIDE_25.6.136/ide/plugins/com.nxp.mcuxpresso.tools.win32_25.6.0.202501151204/tools/bin/../lib/gcc/arm-none-eabi/14.2.1/thumb/v7-m/nofp\libcr_eabihelpers.a(division_64.o)
 .bss           0x00000000        0x0 C:/nxp/MCUXpressoIDE_25.6.136/ide/plugins/com.nxp.mcuxpresso.tools.win32_25.6.0.202501151204/tools/bin/../lib/gcc/arm-none-eabi/14.2.1/thumb/v7-m/nofp\libcr_eabihelpers.a(division_64.o)
 .text.__aeabi_division_ldivmod
                0x00000000       0x26 C:/nxp/MCUXpressoIDE_25.6.136/ide/plugins/com.nxp.mcuxpresso.tools.win32_25.6.0.202501151204/tools/bin/../lib/gcc/arm-none-eabi/14.2.1/thumb/v7-m/nofp\libcr_eabihelpers.a(division_64.o)
 .text.__aeabi_division_uldivmod
                0x00000000      0x174 C:/nxp/MCUXpressoIDE_25.6.136/ide/plugins/com.nxp.mcuxpresso.tools.win32_25.6.0.202501151204/tools/bin/../lib/gcc/arm-none-eabi/14.2.1/thumb/v7-m/nofp\libcr_eabihelpers.a(division_64.o)
 .ARM.attributes
                0x00000000       0x1b C:/nxp/MCUXpressoIDE_25.6.136/ide/plugins/com.nxp.mcuxpresso.tools.win32_25.6.0.202501151204/tools/bin/../lib/gcc/arm-none-eabi/14.2.1/thumb/v7-m/nofp\libcr_eabihelpers.a(division_64.o)
 .text          0x00000000        0x0 C:/nxp/MCUXpressoIDE_25.6.136/ide/plugins/com.nxp.mcuxpresso.tools.win32_25.6.0.202501151204/tools/bin/../lib/gcc/arm-none-eabi/14.2.1/thumb/v7-m/nofp\libcr_eabihelpers.a(division_idiv0.o)
 .data          0x00000000        0x0 C:/nxp/MCUXpressoIDE_25.6.136/ide/plugins/com.nxp.mcuxpresso.tools.win32_25.6.0.202501151204/tools/bin/../lib/gcc/arm-none-eabi/14.2.1/thumb/v7-m/nofp\libcr_eabihelpers.a(division_idiv0.o)
 .bss           0x00000000        0x0 C:/nxp/MCUXpressoIDE_25.6.136/ide/plugins/com.nxp.mcuxpresso.tools.win32_25.6.0.202501151204/tools/bin/../lib/gcc/arm-none-eabi/14.2.1/thumb/v7-m/nofp\libcr_eabihelpers.a(division_idiv0.o)
 .text.__aeabi_division_idiv0
                0x00000000        0x2 C:/nxp/MCUXpressoIDE_25.6.136/ide/plugins/com.nxp.mcuxpresso.tools.win32_25.6.0.202501151204/tools/bin/../lib/gcc/arm-none-eabi/14.2.1/thumb/v7-m/nofp\libcr_eabihelpers.a(division_idiv0.o)
 .ARM.attributes
                0x00000000       0x1b C:/nxp/MCUXpressoIDE_25.6.136/ide/plugins/com.nxp.mcuxpresso.tools.win32_25.6.0.202501151204/tools/bin/../lib/gcc/arm-none-eabi/14.2.1/thumb/v7-m/nofp\libcr_eabihelpers.a(division_idiv0.o)

Memory Configuration

Name             Origin             Length             Attributes
MFlash512        0x00000000         0x00080000         xr
RamLoc32         0x10000000         0x00008000         xrw
RamAHB32         0x2007c000         0x00008000         xrw
*default*        0x00000000         0xffffffff

Linker script and memory map

LOAD ./src/cr_startup_lpc175x_6x.o
LOAD ./src/crp.o
LOAD ./src/main.o
LOAD C:\Users\franm\Documents\MCUXpressoIDE_25.6.136\workspace_drivers\CMSISv2p00_LPC17xx\Debug\libCMSISv2p00_LPC17xx.a
START GROUP
LOAD C:/nxp/MCUXpressoIDE_25.6.136/ide/plugins/com.nxp.mcuxpresso.tools.win32_25.6.0.202501151204/tools/bin/../lib/gcc/arm-none-eabi/14.2.1/../../../../arm-none-eabi/lib/thumb/v7-m/nofp\libcr_c.a
LOAD C:/nxp/MCUXpressoIDE_25.6.136/ide/plugins/com.nxp.mcuxpresso.tools.win32_25.6.0.202501151204/tools/bin/../lib/gcc/arm-none-eabi/14.2.1/thumb/v7-m/nofp\libcr_eabihelpers.a
LOAD C:/nxp/MCUXpressoIDE_25.6.136/ide/plugins/com.nxp.mcuxpresso.tools.win32_25.6.0.202501151204/tools/bin/../lib/gcc/arm-none-eabi/14.2.1/thumb/v7-m/nofp\libgcc.a
END GROUP
                0x00000000                        __base_MFlash512 = 0x0
                0x00000000                        __base_Flash = 0x0
                0x00080000                        __top_MFlash512 = 0x80000
                0x00080000                        __top_Flash = 0x80000
                0x10000000                        __base_RamLoc32 = 0x10000000
                0x10000000                        __base_RAM = 0x10000000
                0x10008000                        __top_RamLoc32 = 0x10008000
                0x10008000                        __top_RAM = 0x10008000
                0x2007c000                        __base_RamAHB32 = 0x2007c000
                0x2007c000                        __base_RAM2 = 0x2007c000
                0x20084000                        __top_RamAHB32 = 0x20084000
                0x20084000                        __top_RAM2 = 0x20084000

.text           0x00000000      0x45c
 FILL mask 0xff
                0x00000000                        __vectors_start__ = ABSOLUTE (.)
 *(.isr_vector)
 .isr_vector    0x00000000       0xcc ./src/cr_startup_lpc175x_6x.o
                0x00000000                g_pfnVectors
                0x000000cc                        . = ALIGN (0x4)
                0x000000cc                        __section_table_start = .
                0x000000cc                        __data_section_table = .
                0x000000cc        0x4 LONG 0x45c LOADADDR (.data)
                0x000000d0        0x4 LONG 0x10000000 ADDR (.data)
                0x000000d4        0x4 LONG 0x0 SIZEOF (.data)
                0x000000d8        0x4 LONG 0x45c LOADADDR (.data_RAM2)
                0x000000dc        0x4 LONG 0x2007c000 ADDR (.data_RAM2)
                0x000000e0        0x4 LONG 0x0 SIZEOF (.data_RAM2)
                0x000000e4                        __data_section_table_end = .
                0x000000e4                        __bss_section_table = .
                0x000000e4        0x4 LONG 0x10000000 ADDR (.bss)
                0x000000e8        0x4 LONG 0x0 SIZEOF (.bss)
                0x000000ec        0x4 LONG 0x2007c000 ADDR (.bss_RAM2)
                0x000000f0        0x4 LONG 0x0 SIZEOF (.bss_RAM2)
                0x000000f4                        __bss_section_table_end = .
                0x000000f4                        __section_table_end = .
 *(.after_vectors*)
 .after_vectors
                0x000000f4      0x148 ./src/cr_startup_lpc175x_6x.o
                0x000000f4                data_init
                0x00000138                bss_init
                0x00000170                ResetISR
                0x000001ec                NMI_Handler
                0x000001f4                HardFault_Handler
                0x000001fc                MemManage_Handler
                0x00000204                BusFault_Handler
                0x0000020c                UsageFault_Handler
                0x00000214                SVC_Handler
                0x0000021c                DebugMon_Handler
                0x00000224                PendSV_Handler
                0x0000022c                SysTick_Handler
                0x00000234                EINT3_IRQHandler
                0x00000234                CANActivity_IRQHandler
                0x00000234                TIMER3_IRQHandler
                0x00000234                UART0_IRQHandler
                0x00000234                UART1_IRQHandler
                0x00000234                EINT2_IRQHandler
                0x00000234                USBActivity_IRQHandler
                0x00000234                IntDefaultHandler
                0x00000234                PLL0_IRQHandler
                0x00000234                I2C0_IRQHandler
                0x00000234                I2C1_IRQHandler
                0x00000234                SSP0_IRQHandler
                0x00000234                I2S_IRQHandler
                0x00000234                I2C2_IRQHandler
                0x00000234                RTC_IRQHandler
                0x00000234                TIMER0_IRQHandler
                0x00000234                SPI_IRQHandler
                0x00000234                RIT_IRQHandler
                0x00000234                EINT1_IRQHandler
                0x00000234                TIMER1_IRQHandler
                0x00000234                UART2_IRQHandler
                0x00000234                ADC_IRQHandler
                0x00000234                SSP1_IRQHandler
                0x00000234                USB_IRQHandler
                0x00000234                BOD_IRQHandler
                0x00000234                PLL1_IRQHandler
                0x00000234                WDT_IRQHandler
                0x00000234                PWM1_IRQHandler
                0x00000234                QEI_IRQHandler
                0x00000234                EINT0_IRQHandler
                0x00000234                CAN_IRQHandler
                0x00000234                DMA_IRQHandler
                0x00000234                TIMER2_IRQHandler
                0x00000234                UART3_IRQHandler
                0x00000234                MCPWM_IRQHandler
                0x00000234                ENET_IRQHandler
                0x000002fc                        . = 0x2fc
 *fill*         0x0000023c       0xc0 ff
                0x000002fc                        PROVIDE (__CRP_WORD_START__ = .)
 *(.crp)
 .crp           0x000002fc        0x4 ./src/crp.o
                0x000002fc                CRP_WORD
                0x00000300                        PROVIDE (__CRP_WORD_END__ = .)
                0x00000001                        ASSERT (! ((__CRP_WORD_START__ == __CRP_WORD_END__)), Linker CRP Enabled, but no CRP_WORD provided within application)
 *(.text*)
 .text.main     0x00000300       0x12 ./src/main.o
                0x00000300                main
 *fill*         0x00000312        0x2 ff
 .text.SystemInit
                0x00000314       0xd8 C:\Users\franm\Documents\MCUXpressoIDE_25.6.136\workspace_drivers\CMSISv2p00_LPC17xx\Debug\libCMSISv2p00_LPC17xx.a(system_LPC17xx.o)
                0x00000314                SystemInit
 .text.GPDMA_Init
                0x000003ec       0x38 C:\Users\franm\Documents\MCUXpressoIDE_25.6.136\workspace_drivers\CMSISv2p00_LPC17xx\Debug\libCMSISv2p00_LPC17xx.a(lpc17xx_gpdma.o)
                0x000003ec                GPDMA_Init
 .text.CLKPWR_ConfigPPWR
                0x00000424       0x34 C:\Users\franm\Documents\MCUXpressoIDE_25.6.136\workspace_drivers\CMSISv2p00_LPC17xx\Debug\libCMSISv2p00_LPC17xx.a(lpc17xx_clkpwr.o)
                0x00000424                CLKPWR_ConfigPPWR
 .text.__weak_main
                0x00000458        0x4 C:/nxp/MCUXpressoIDE_25.6.136/ide/plugins/com.nxp.mcuxpresso.tools.win32_25.6.0.202501151204/tools/bin/../lib/gcc/arm-none-eabi/14.2.1/../../../../arm-none-eabi/lib/thumb/v7-m/nofp\libcr_c.a(__weak__main.o)
                0x00000458                __weak_main
                0x00000458                __main
 *(.rodata .rodata.* .constdata .constdata.*)
                0x0000045c                        . = ALIGN (0x4)

.glue_7         0x0000045c        0x0
 .glue_7        0x0000045c        0x0 linker stubs

.glue_7t        0x0000045c        0x0
 .glue_7t       0x0000045c        0x0 linker stubs

.vfp11_veneer   0x0000045c        0x0
 .vfp11_veneer  0x0000045c        0x0 linker stubs

.v4_bx          0x0000045c        0x0
 .v4_bx         0x0000045c        0x0 linker stubs

.iplt           0x0000045c        0x0
 .iplt          0x0000045c        0x0 ./src/cr_startup_lpc175x_6x.o

.rel.dyn        0x0000045c        0x0
 .rel.iplt      0x0000045c        0x0 ./src/cr_startup_lpc175x_6x.o

.ARM.extab
 *(.ARM.extab* .gnu.linkonce.armextab.*)

.ARM.exidx      0x0000045c        0x0
                0x0000045c                        __exidx_start = .
 *(.ARM.exidx* .gnu.linkonce.armexidx.*)
                0x0000045c                        __exidx_end = .
                0x0000045c                        _etext = .

.data_RAM2      0x2007c000        0x0 load address 0x0000045c
 FILL mask 0xff
                [!provide]                        PROVIDE (__start_data_RAM2 = .)
                [!provide]                        PROVIDE (__start_data_RamAHB32 = .)
 *(.ramfunc.$RAM2)
 *(.ramfunc.$RamAHB32)
 *(.data.$RAM2)
 *(.data.$RamAHB32)
 *(.data.$RAM2.*)
 *(.data.$RamAHB32.*)
                0x2007c000                        . = ALIGN (0x4)
                [!provide]                        PROVIDE (__end_data_RAM2 = .)
                [!provide]                        PROVIDE (__end_data_RamAHB32 = .)

.uninit_RESERVED
                0x10000000        0x0
                0x10000000                        _start_uninit_RESERVED = .
 *(.bss.$RESERVED*)
                0x10000000                        . = ALIGN (0x4)
                0x10000000                        _end_uninit_RESERVED = .

.data           0x10000000        0x0 load address 0x0000045c
 FILL mask 0xff
                0x10000000                        _data = .
                [!provide]                        PROVIDE (__start_data_RAM = .)
                [!provide]                        PROVIDE (__start_data_RamLoc32 = .)
 *(vtable)
 *(.ramfunc*)
 *(CodeQuickAccess)
 *(DataQuickAccess)
 *(RamFunction)
 *(.data*)
                0x10000000                        . = ALIGN (0x4)
                0x10000000                        _edata = .
                [!provide]                        PROVIDE (__end_data_RAM = .)
                [!provide]                        PROVIDE (__end_data_RamLoc32 = .)

.igot.plt       0x10000000        0x0 load address 0x0000045c
 .igot.plt      0x10000000        0x0 ./src/cr_startup_lpc175x_6x.o

.bss_RAM2       0x2007c000        0x0
                [!provide]                        PROVIDE (__start_bss_RAM2 = .)
                [!provide]                        PROVIDE (__start_bss_RamAHB32 = .)
 *(.bss.$RAM2)
 *(.bss.$RamAHB32)
 *(.bss.$RAM2.*)
 *(.bss.$RamAHB32.*)
                0x2007c000                        . = ALIGN ((. != 0x0)?0x4:0x1)
                [!provide]                        PROVIDE (__end_bss_RAM2 = .)
                [!provide]                        PROVIDE (__end_bss_RamAHB32 = .)

.bss            0x10000000        0x0
                0x10000000                        _bss = .
                [!provide]                        PROVIDE (__start_bss_RAM = .)
                [!provide]                        PROVIDE (__start_bss_RamLoc32 = .)
 *(.bss*)
 *(COMMON)
                0x10000000                        . = ALIGN (0x4)
                0x10000000                        _ebss = .
                [!provide]                        PROVIDE (__end_bss_RAM = .)
                [!provide]                        PROVIDE (__end_bss_RamLoc32 = .)
                [!provide]                        PROVIDE (end = .)

.noinit_RAM2    0x2007c000        0x0
                [!provide]                        PROVIDE (__start_noinit_RAM2 = .)
                [!provide]                        PROVIDE (__start_noinit_RamAHB32 = .)
 *(.noinit.$RAM2)
 *(.noinit.$RamAHB32)
 *(.noinit.$RAM2.*)
 *(.noinit.$RamAHB32.*)
                0x2007c000                        . = ALIGN (0x4)
                [!provide]                        PROVIDE (__end_noinit_RAM2 = .)
                [!provide]                        PROVIDE (__end_noinit_RamAHB32 = .)

.noinit         0x10000000        0x0
                0x10000000                        _noinit = .
                [!provide]                        PROVIDE (__start_noinit_RAM = .)
                [!provide]                        PROVIDE (__start_noinit_RamLoc32 = .)
 *(.noinit*)
                0x10000000                        . = ALIGN (0x4)
                0x10000000                        _end_noinit = .
                [!provide]                        PROVIDE (__end_noinit_RAM = .)
                [!provide]                        PROVIDE (__end_noinit_RamLoc32 = .)
                [!provide]                        PROVIDE (_pvHeapStart = DEFINED (__user_heap_base)?__user_heap_base:.)
                0x10008000                        PROVIDE (_vStackTop = DEFINED (__user_stack_top)?__user_stack_top:(__top_RamLoc32 - 0x0))
                0xefff749e                        PROVIDE (__valid_user_code_checksum = (0x0 - ((((((_vStackTop + (ResetISR + 0x1)) + (NMI_Handler + 0x1)) + (HardFault_Handler + 0x1)) + (DEFINED (MemManage_Handler)?MemManage_Handler:0x0 + 0x1)) + (DEFINED (BusFault_Handler)?BusFault_Handler:0x0 + 0x1)) + (DEFINED (UsageFault_Handler)?UsageFault_Handler:0x0 + 0x1))))
                0x00000000                        _image_start = LOADADDR (.text)
                0x0000045c                        _image_end = (LOADADDR (.data) + SIZEOF (.data))
                0x0000045c                        _image_size = (_image_end - _image_start)
OUTPUT(Plantilla.axf elf32-littlearm)
LOAD linker stubs

.debug_info     0x00000000     0x1f33
 .debug_info    0x00000000      0x2a5 ./src/cr_startup_lpc175x_6x.o
 .debug_info    0x000002a5       0x40 ./src/crp.o
 .debug_info    0x000002e5       0xb0 ./src/main.o
 .debug_info    0x00000395      0x347 C:\Users\franm\Documents\MCUXpressoIDE_25.6.136\workspace_drivers\CMSISv2p00_LPC17xx\Debug\libCMSISv2p00_LPC17xx.a(system_LPC17xx.o)
 .debug_info    0x000006dc     0x1143 C:\Users\franm\Documents\MCUXpressoIDE_25.6.136\workspace_drivers\CMSISv2p00_LPC17xx\Debug\libCMSISv2p00_LPC17xx.a(lpc17xx_gpdma.o)
 .debug_info    0x0000181f      0x6ca C:\Users\franm\Documents\MCUXpressoIDE_25.6.136\workspace_drivers\CMSISv2p00_LPC17xx\Debug\libCMSISv2p00_LPC17xx.a(lpc17xx_clkpwr.o)
 .debug_info    0x00001ee9       0x4a C:/nxp/MCUXpressoIDE_25.6.136/ide/plugins/com.nxp.mcuxpresso.tools.win32_25.6.0.202501151204/tools/bin/../lib/gcc/arm-none-eabi/14.2.1/../../../../arm-none-eabi/lib/thumb/v7-m/nofp\libcr_c.a(__weak__main.o)

.debug_abbrev   0x00000000      0x7f3
 .debug_abbrev  0x00000000      0x14d ./src/cr_startup_lpc175x_6x.o
 .debug_abbrev  0x0000014d       0x38 ./src/crp.o
 .debug_abbrev  0x00000185       0x7c ./src/main.o
 .debug_abbrev  0x00000201      0x10e C:\Users\franm\Documents\MCUXpressoIDE_25.6.136\workspace_drivers\CMSISv2p00_LPC17xx\Debug\libCMSISv2p00_LPC17xx.a(system_LPC17xx.o)
 .debug_abbrev  0x0000030f      0x293 C:\Users\franm\Documents\MCUXpressoIDE_25.6.136\workspace_drivers\CMSISv2p00_LPC17xx\Debug\libCMSISv2p00_LPC17xx.a(lpc17xx_gpdma.o)
 .debug_abbrev  0x000005a2      0x202 C:\Users\franm\Documents\MCUXpressoIDE_25.6.136\workspace_drivers\CMSISv2p00_LPC17xx\Debug\libCMSISv2p00_LPC17xx.a(lpc17xx_clkpwr.o)
 .debug_abbrev  0x000007a4       0x4f C:/nxp/MCUXpressoIDE_25.6.136/ide/plugins/com.nxp.mcuxpresso.tools.win32_25.6.0.202501151204/tools/bin/../lib/gcc/arm-none-eabi/14.2.1/../../../../arm-none-eabi/lib/thumb/v7-m/nofp\libcr_c.a(__weak__main.o)

.debug_aranges  0x00000000      0x198
 .debug_aranges
                0x00000000       0x80 ./src/cr_startup_lpc175x_6x.o
 .debug_aranges
                0x00000080       0x18 ./src/crp.o
 .debug_aranges
                0x00000098       0x20 ./src/main.o
 .debug_aranges
                0x000000b8       0x28 C:\Users\franm\Documents\MCUXpressoIDE_25.6.136\workspace_drivers\CMSISv2p00_LPC17xx\Debug\libCMSISv2p00_LPC17xx.a(system_LPC17xx.o)
 .debug_aranges
                0x000000e0       0x40 C:\Users\franm\Documents\MCUXpressoIDE_25.6.136\workspace_drivers\CMSISv2p00_LPC17xx\Debug\libCMSISv2p00_LPC17xx.a(lpc17xx_gpdma.o)
 .debug_aranges
                0x00000120       0x58 C:\Users\franm\Documents\MCUXpressoIDE_25.6.136\workspace_drivers\CMSISv2p00_LPC17xx\Debug\libCMSISv2p00_LPC17xx.a(lpc17xx_clkpwr.o)
 .debug_aranges
                0x00000178       0x20 C:/nxp/MCUXpressoIDE_25.6.136/ide/plugins/com.nxp.mcuxpresso.tools.win32_25.6.0.202501151204/tools/bin/../lib/gcc/arm-none-eabi/14.2.1/../../../../arm-none-eabi/lib/thumb/v7-m/nofp\libcr_c.a(__weak__main.o)

.debug_ranges   0x00000000      0x120
 .debug_ranges  0x00000000       0x70 ./src/cr_startup_lpc175x_6x.o
 .debug_ranges  0x00000070       0x10 ./src/main.o
 .debug_ranges  0x00000080       0x18 C:\Users\franm\Documents\MCUXpressoIDE_25.6.136\workspace_drivers\CMSISv2p00_LPC17xx\Debug\libCMSISv2p00_LPC17xx.a(system_LPC17xx.o)
 .debug_ranges  0x00000098       0x30 C:\Users\franm\Documents\MCUXpressoIDE_25.6.136\workspace_drivers\CMSISv2p00_LPC17xx\Debug\libCMSISv2p00_LPC17xx.a(lpc17xx_gpdma.o)
 .debug_ranges  0x000000c8       0x48 C:\Users\franm\Documents\MCUXpressoIDE_25.6.136\workspace_drivers\CMSISv2p00_LPC17xx\Debug\libCMSISv2p00_LPC17xx.a(lpc17xx_clkpwr.o)
 .debug_ranges  0x00000110       0x10 C:/nxp/MCUXpressoIDE_25.6.136/ide/plugins/com.nxp.mcuxpresso.tools.win32_25.6.0.202501151204/tools/bin/../lib/gcc/arm-none-eabi/14.2.1/../../../../arm-none-eabi/lib/thumb/v7-m/nofp\libcr_c.a(__weak__main.o)

.debug_macro    0x00000000     0x3494
 .debug_macro   0x00000000       0x1d ./src/cr_startup_lpc175x_6x.o
 .debug_macro   0x0000001d      0xade ./src/cr_startup_lpc175x_6x.o
 .debug_macro   0x00000afb       0x1a ./src/crp.o
 .debug_macro   0x00000b15       0x34 ./src/crp.o
 .debug_macro   0x00000b49       0x8d ./src/main.o
 .debug_macro   0x00000bd6       0x1c ./src/main.o
 .debug_macro   0x00000bf2       0x2e ./src/main.o
 .debug_macro   0x00000c20       0x10 ./src/main.o
 .debug_macro   0x00000c30      0x12e ./src/main.o
 .debug_macro   0x00000d5e      0x5b3 ./src/main.o
 .debug_macro   0x00001311       0x18 ./src/main.o
 .debug_macro   0x00001329      0x7af ./src/main.o
 .debug_macro   0x00001ad8      0x2c7 ./src/main.o
 .debug_macro   0x00001d9f       0x63 ./src/main.o
 .debug_macro   0x00001e02      0x2a8 ./src/main.o
 .debug_macro   0x000020aa      0x12b C:\Users\franm\Documents\MCUXpressoIDE_25.6.136\workspace_drivers\CMSISv2p00_LPC17xx\Debug\libCMSISv2p00_LPC17xx.a(system_LPC17xx.o)
 .debug_macro   0x000021d5      0xad8 C:\Users\franm\Documents\MCUXpressoIDE_25.6.136\workspace_drivers\CMSISv2p00_LPC17xx\Debug\libCMSISv2p00_LPC17xx.a(system_LPC17xx.o)
 .debug_macro   0x00002cad       0xa9 C:\Users\franm\Documents\MCUXpressoIDE_25.6.136\workspace_drivers\CMSISv2p00_LPC17xx\Debug\libCMSISv2p00_LPC17xx.a(lpc17xx_gpdma.o)
 .debug_macro   0x00002d56      0x2f1 C:\Users\franm\Documents\MCUXpressoIDE_25.6.136\workspace_drivers\CMSISv2p00_LPC17xx\Debug\libCMSISv2p00_LPC17xx.a(lpc17xx_gpdma.o)
 .debug_macro   0x00003047       0xdd C:\Users\franm\Documents\MCUXpressoIDE_25.6.136\workspace_drivers\CMSISv2p00_LPC17xx\Debug\libCMSISv2p00_LPC17xx.a(lpc17xx_gpdma.o)
 .debug_macro   0x00003124       0x8d C:\Users\franm\Documents\MCUXpressoIDE_25.6.136\workspace_drivers\CMSISv2p00_LPC17xx\Debug\libCMSISv2p00_LPC17xx.a(lpc17xx_clkpwr.o)
 .debug_macro   0x000031b1       0x1c C:\Users\franm\Documents\MCUXpressoIDE_25.6.136\workspace_drivers\CMSISv2p00_LPC17xx\Debug\libCMSISv2p00_LPC17xx.a(lpc17xx_clkpwr.o)
 .debug_macro   0x000031cd      0x2c7 C:\Users\franm\Documents\MCUXpressoIDE_25.6.136\workspace_drivers\CMSISv2p00_LPC17xx\Debug\libCMSISv2p00_LPC17xx.a(lpc17xx_clkpwr.o)

.debug_line     0x00000000     0x1360
 .debug_line    0x00000000      0x11e ./src/cr_startup_lpc175x_6x.o
 .debug_line    0x0000011e       0xae ./src/crp.o
 .debug_line    0x000001cc      0x2a0 ./src/main.o
 .debug_line    0x0000046c      0x40c C:\Users\franm\Documents\MCUXpressoIDE_25.6.136\workspace_drivers\CMSISv2p00_LPC17xx\Debug\libCMSISv2p00_LPC17xx.a(system_LPC17xx.o)
 .debug_line    0x00000878      0x647 C:\Users\franm\Documents\MCUXpressoIDE_25.6.136\workspace_drivers\CMSISv2p00_LPC17xx\Debug\libCMSISv2p00_LPC17xx.a(lpc17xx_gpdma.o)
 .debug_line    0x00000ebf      0x457 C:\Users\franm\Documents\MCUXpressoIDE_25.6.136\workspace_drivers\CMSISv2p00_LPC17xx\Debug\libCMSISv2p00_LPC17xx.a(lpc17xx_clkpwr.o)
 .debug_line    0x00001316       0x4a C:/nxp/MCUXpressoIDE_25.6.136/ide/plugins/com.nxp.mcuxpresso.tools.win32_25.6.0.202501151204/tools/bin/../lib/gcc/arm-none-eabi/14.2.1/../../../../arm-none-eabi/lib/thumb/v7-m/nofp\libcr_c.a(__weak__main.o)

.debug_str      0x00000000     0xbd99
 .debug_str     0x00000000     0xbd99 ./src/cr_startup_lpc175x_6x.o
                               0x3099 (size before relaxing)
 .debug_str     0x0000bd99     0x2f82 ./src/crp.o
 .debug_str     0x0000bd99     0x9a9f ./src/main.o
 .debug_str     0x0000bd99     0x8a51 C:\Users\franm\Documents\MCUXpressoIDE_25.6.136\workspace_drivers\CMSISv2p00_LPC17xx\Debug\libCMSISv2p00_LPC17xx.a(system_LPC17xx.o)
 .debug_str     0x0000bd99     0xb49c C:\Users\franm\Documents\MCUXpressoIDE_25.6.136\workspace_drivers\CMSISv2p00_LPC17xx\Debug\libCMSISv2p00_LPC17xx.a(lpc17xx_gpdma.o)
 .debug_str     0x0000bd99     0x9c4b C:\Users\franm\Documents\MCUXpressoIDE_25.6.136\workspace_drivers\CMSISv2p00_LPC17xx\Debug\libCMSISv2p00_LPC17xx.a(lpc17xx_clkpwr.o)
 .debug_str     0x0000bd99      0x126 C:/nxp/MCUXpressoIDE_25.6.136/ide/plugins/com.nxp.mcuxpresso.tools.win32_25.6.0.202501151204/tools/bin/../lib/gcc/arm-none-eabi/14.2.1/../../../../arm-none-eabi/lib/thumb/v7-m/nofp\libcr_c.a(__weak__main.o)

.comment        0x00000000       0x45
 .comment       0x00000000       0x45 ./src/cr_startup_lpc175x_6x.o
                                 0x46 (size before relaxing)
 .comment       0x00000045       0x46 ./src/crp.o
 .comment       0x00000045       0x46 ./src/main.o
 .comment       0x00000045       0x46 C:\Users\franm\Documents\MCUXpressoIDE_25.6.136\workspace_drivers\CMSISv2p00_LPC17xx\Debug\libCMSISv2p00_LPC17xx.a(system_LPC17xx.o)
 .comment       0x00000045       0x46 C:\Users\franm\Documents\MCUXpressoIDE_25.6.136\workspace_drivers\CMSISv2p00_LPC17xx\Debug\libCMSISv2p00_LPC17xx.a(lpc17xx_gpdma.o)
 .comment       0x00000045       0x46 C:\Users\franm\Documents\MCUXpressoIDE_25.6.136\workspace_drivers\CMSISv2p00_LPC17xx\Debug\libCMSISv2p00_LPC17xx.a(lpc17xx_clkpwr.o)
 .comment       0x00000045       0x46 C:/nxp/MCUXpressoIDE_25.6.136/ide/plugins/com.nxp.mcuxpresso.tools.win32_25.6.0.202501151204/tools/bin/../lib/gcc/arm-none-eabi/14.2.1/../../../../arm-none-eabi/lib/thumb/v7-m/nofp\libcr_c.a(__weak__main.o)

.ARM.attributes
                0x00000000       0x2b
 .ARM.attributes
                0x00000000       0x2d ./src/cr_startup_lpc175x_6x.o
 .ARM.attributes
                0x0000002d       0x2d ./src/crp.o
 .ARM.attributes
                0x0000005a       0x2d ./src/main.o
 .ARM.attributes
                0x00000087       0x2d C:\Users\franm\Documents\MCUXpressoIDE_25.6.136\workspace_drivers\CMSISv2p00_LPC17xx\Debug\libCMSISv2p00_LPC17xx.a(system_LPC17xx.o)
 .ARM.attributes
                0x000000b4       0x2d C:\Users\franm\Documents\MCUXpressoIDE_25.6.136\workspace_drivers\CMSISv2p00_LPC17xx\Debug\libCMSISv2p00_LPC17xx.a(lpc17xx_gpdma.o)
 .ARM.attributes
                0x000000e1       0x2d C:\Users\franm\Documents\MCUXpressoIDE_25.6.136\workspace_drivers\CMSISv2p00_LPC17xx\Debug\libCMSISv2p00_LPC17xx.a(lpc17xx_clkpwr.o)
 .ARM.attributes
                0x0000010e       0x2d C:/nxp/MCUXpressoIDE_25.6.136/ide/plugins/com.nxp.mcuxpresso.tools.win32_25.6.0.202501151204/tools/bin/../lib/gcc/arm-none-eabi/14.2.1/../../../../arm-none-eabi/lib/thumb/v7-m/nofp\libcr_c.a(__weak__main.o)

.debug_frame    0x00000000      0x328
 .debug_frame   0x00000000      0x170 ./src/cr_startup_lpc175x_6x.o
 .debug_frame   0x00000170       0x30 ./src/main.o
 .debug_frame   0x000001a0       0x38 C:\Users\franm\Documents\MCUXpressoIDE_25.6.136\workspace_drivers\CMSISv2p00_LPC17xx\Debug\libCMSISv2p00_LPC17xx.a(system_LPC17xx.o)
 .debug_frame   0x000001d8       0x90 C:\Users\franm\Documents\MCUXpressoIDE_25.6.136\workspace_drivers\CMSISv2p00_LPC17xx\Debug\libCMSISv2p00_LPC17xx.a(lpc17xx_gpdma.o)
 .debug_frame   0x00000268       0xa0 C:\Users\franm\Documents\MCUXpressoIDE_25.6.136\workspace_drivers\CMSISv2p00_LPC17xx\Debug\libCMSISv2p00_LPC17xx.a(lpc17xx_clkpwr.o)
 .debug_frame   0x00000308       0x20 C:/nxp/MCUXpressoIDE_25.6.136/ide/plugins/com.nxp.mcuxpresso.tools.win32_25.6.0.202501151204/tools/bin/../lib/gcc/arm-none-eabi/14.2.1/../../../../arm-none-eabi/lib/thumb/v7-m/nofp\libcr_c.a(__weak__main.o)

.debug_loc      0x00000000      0x3f3
 .debug_loc     0x00000000      0x1d8 C:\Users\franm\Documents\MCUXpressoIDE_25.6.136\workspace_drivers\CMSISv2p00_LPC17xx\Debug\libCMSISv2p00_LPC17xx.a(lpc17xx_gpdma.o)
 .debug_loc     0x000001d8      0x21b C:\Users\franm\Documents\MCUXpressoIDE_25.6.136\workspace_drivers\CMSISv2p00_LPC17xx\Debug\libCMSISv2p00_LPC17xx.a(lpc17xx_clkpwr.o)

Cross Reference Table

Symbol                                            File
ADC_IRQHandler                                    ./src/cr_startup_lpc175x_6x.o
BOD_IRQHandler                                    ./src/cr_startup_lpc175x_6x.o
BusFault_Handler                                  ./src/cr_startup_lpc175x_6x.o
CANActivity_IRQHandler                            ./src/cr_startup_lpc175x_6x.o
CAN_IRQHandler                                    ./src/cr_startup_lpc175x_6x.o
CLKPWR_ConfigPPWR                                 C:\Users\franm\Documents\MCUXpressoIDE_25.6.136\workspace_drivers\CMSISv2p00_LPC17xx\Debug\libCMSISv2p00_LPC17xx.a(lpc17xx_clkpwr.o)
                                                  C:\Users\franm\Documents\MCUXpressoIDE_25.6.136\workspace_drivers\CMSISv2p00_LPC17xx\Debug\libCMSISv2p00_LPC17xx.a(lpc17xx_gpdma.o)
CLKPWR_DeepPowerDown                              C:\Users\franm\Documents\MCUXpressoIDE_25.6.136\workspace_drivers\CMSISv2p00_LPC17xx\Debug\libCMSISv2p00_LPC17xx.a(lpc17xx_clkpwr.o)
CLKPWR_DeepSleep                                  C:\Users\franm\Documents\MCUXpressoIDE_25.6.136\workspace_drivers\CMSISv2p00_LPC17xx\Debug\libCMSISv2p00_LPC17xx.a(lpc17xx_clkpwr.o)
CLKPWR_GetPCLK                                    C:\Users\franm\Documents\MCUXpressoIDE_25.6.136\workspace_drivers\CMSISv2p00_LPC17xx\Debug\libCMSISv2p00_LPC17xx.a(lpc17xx_clkpwr.o)
CLKPWR_GetPCLKSEL                                 C:\Users\franm\Documents\MCUXpressoIDE_25.6.136\workspace_drivers\CMSISv2p00_LPC17xx\Debug\libCMSISv2p00_LPC17xx.a(lpc17xx_clkpwr.o)
CLKPWR_PowerDown                                  C:\Users\franm\Documents\MCUXpressoIDE_25.6.136\workspace_drivers\CMSISv2p00_LPC17xx\Debug\libCMSISv2p00_LPC17xx.a(lpc17xx_clkpwr.o)
CLKPWR_SetPCLKDiv                                 C:\Users\franm\Documents\MCUXpressoIDE_25.6.136\workspace_drivers\CMSISv2p00_LPC17xx\Debug\libCMSISv2p00_LPC17xx.a(lpc17xx_clkpwr.o)
CLKPWR_Sleep                                      C:\Users\franm\Documents\MCUXpressoIDE_25.6.136\workspace_drivers\CMSISv2p00_LPC17xx\Debug\libCMSISv2p00_LPC17xx.a(lpc17xx_clkpwr.o)
CRP_WORD                                          ./src/crp.o
DMA_IRQHandler                                    ./src/cr_startup_lpc175x_6x.o
DebugMon_Handler                                  ./src/cr_startup_lpc175x_6x.o
EINT0_IRQHandler                                  ./src/cr_startup_lpc175x_6x.o
EINT1_IRQHandler                                  ./src/cr_startup_lpc175x_6x.o
EINT2_IRQHandler                                  ./src/cr_startup_lpc175x_6x.o
EINT3_IRQHandler                                  ./src/cr_startup_lpc175x_6x.o
ENET_IRQHandler                                   ./src/cr_startup_lpc175x_6x.o
GPDMA_ChannelCmd                                  C:\Users\franm\Documents\MCUXpressoIDE_25.6.136\workspace_drivers\CMSISv2p00_LPC17xx\Debug\libCMSISv2p00_LPC17xx.a(lpc17xx_gpdma.o)
GPDMA_ClearIntPending                             C:\Users\franm\Documents\MCUXpressoIDE_25.6.136\workspace_drivers\CMSISv2p00_LPC17xx\Debug\libCMSISv2p00_LPC17xx.a(lpc17xx_gpdma.o)
GPDMA_Init                                        C:\Users\franm\Documents\MCUXpressoIDE_25.6.136\workspace_drivers\CMSISv2p00_LPC17xx\Debug\libCMSISv2p00_LPC17xx.a(lpc17xx_gpdma.o)
                                                  ./src/main.o
GPDMA_IntGetStatus                                C:\Users\franm\Documents\MCUXpressoIDE_25.6.136\workspace_drivers\CMSISv2p00_LPC17xx\Debug\libCMSISv2p00_LPC17xx.a(lpc17xx_gpdma.o)
GPDMA_LUTPerAddr                                  C:\Users\franm\Documents\MCUXpressoIDE_25.6.136\workspace_drivers\CMSISv2p00_LPC17xx\Debug\libCMSISv2p00_LPC17xx.a(lpc17xx_gpdma.o)
GPDMA_LUTPerBurst                                 C:\Users\franm\Documents\MCUXpressoIDE_25.6.136\workspace_drivers\CMSISv2p00_LPC17xx\Debug\libCMSISv2p00_LPC17xx.a(lpc17xx_gpdma.o)
GPDMA_LUTPerWid                                   C:\Users\franm\Documents\MCUXpressoIDE_25.6.136\workspace_drivers\CMSISv2p00_LPC17xx\Debug\libCMSISv2p00_LPC17xx.a(lpc17xx_gpdma.o)
GPDMA_Setup                                       C:\Users\franm\Documents\MCUXpressoIDE_25.6.136\workspace_drivers\CMSISv2p00_LPC17xx\Debug\libCMSISv2p00_LPC17xx.a(lpc17xx_gpdma.o)
HardFault_Handler                                 ./src/cr_startup_lpc175x_6x.o
I2C0_IRQHandler                                   ./src/cr_startup_lpc175x_6x.o
I2C1_IRQHandler                                   ./src/cr_startup_lpc175x_6x.o
I2C2_IRQHandler                                   ./src/cr_startup_lpc175x_6x.o
I2S_IRQHandler                                    ./src/cr_startup_lpc175x_6x.o
IntDefaultHandler                                 ./src/cr_startup_lpc175x_6x.o
MCPWM_IRQHandler                                  ./src/cr_startup_lpc175x_6x.o
MemManage_Handler                                 ./src/cr_startup_lpc175x_6x.o
NMI_Handler                                       ./src/cr_startup_lpc175x_6x.o
PLL0_IRQHandler                                   ./src/cr_startup_lpc175x_6x.o
PLL1_IRQHandler                                   ./src/cr_startup_lpc175x_6x.o
PWM1_IRQHandler                                   ./src/cr_startup_lpc175x_6x.o
PendSV_Handler                                    ./src/cr_startup_lpc175x_6x.o
QEI_IRQHandler                                    ./src/cr_startup_lpc175x_6x.o
RIT_IRQHandler                                    ./src/cr_startup_lpc175x_6x.o
RTC_IRQHandler                                    ./src/cr_startup_lpc175x_6x.o
ResetISR                                          ./src/cr_startup_lpc175x_6x.o
SPI_IRQHandler                                    ./src/cr_startup_lpc175x_6x.o
SSP0_IRQHandler                                   ./src/cr_startup_lpc175x_6x.o
SSP1_IRQHandler                                   ./src/cr_startup_lpc175x_6x.o
SVC_Handler                                       ./src/cr_startup_lpc175x_6x.o
SysTick_Handler                                   ./src/cr_startup_lpc175x_6x.o
SystemCoreClock                                   C:\Users\franm\Documents\MCUXpressoIDE_25.6.136\workspace_drivers\CMSISv2p00_LPC17xx\Debug\libCMSISv2p00_LPC17xx.a(system_LPC17xx.o)
                                                  C:\Users\franm\Documents\MCUXpressoIDE_25.6.136\workspace_drivers\CMSISv2p00_LPC17xx\Debug\libCMSISv2p00_LPC17xx.a(lpc17xx_clkpwr.o)
SystemCoreClockUpdate                             C:\Users\franm\Documents\MCUXpressoIDE_25.6.136\workspace_drivers\CMSISv2p00_LPC17xx\Debug\libCMSISv2p00_LPC17xx.a(system_LPC17xx.o)
SystemInit                                        C:\Users\franm\Documents\MCUXpressoIDE_25.6.136\workspace_drivers\CMSISv2p00_LPC17xx\Debug\libCMSISv2p00_LPC17xx.a(system_LPC17xx.o)
                                                  ./src/cr_startup_lpc175x_6x.o
TIMER0_IRQHandler                                 ./src/cr_startup_lpc175x_6x.o
TIMER1_IRQHandler                                 ./src/cr_startup_lpc175x_6x.o
TIMER2_IRQHandler                                 ./src/cr_startup_lpc175x_6x.o
TIMER3_IRQHandler                                 ./src/cr_startup_lpc175x_6x.o
UART0_IRQHandler                                  ./src/cr_startup_lpc175x_6x.o
UART1_IRQHandler                                  ./src/cr_startup_lpc175x_6x.o
UART2_IRQHandler                                  ./src/cr_startup_lpc175x_6x.o
UART3_IRQHandler                                  ./src/cr_startup_lpc175x_6x.o
USBActivity_IRQHandler                            ./src/cr_startup_lpc175x_6x.o
USB_IRQHandler                                    ./src/cr_startup_lpc175x_6x.o
UsageFault_Handler                                ./src/cr_startup_lpc175x_6x.o
WDT_IRQHandler                                    ./src/cr_startup_lpc175x_6x.o
__aeabi_idiv0                                     C:/nxp/MCUXpressoIDE_25.6.136/ide/plugins/com.nxp.mcuxpresso.tools.win32_25.6.0.202501151204/tools/bin/../lib/gcc/arm-none-eabi/14.2.1/thumb/v7-m/nofp\libcr_eabihelpers.a(division_idiv0.o)
                                                  C:/nxp/MCUXpressoIDE_25.6.136/ide/plugins/com.nxp.mcuxpresso.tools.win32_25.6.0.202501151204/tools/bin/../lib/gcc/arm-none-eabi/14.2.1/thumb/v7-m/nofp\libcr_eabihelpers.a(division_64.o)
__aeabi_ldivmod                                   C:/nxp/MCUXpressoIDE_25.6.136/ide/plugins/com.nxp.mcuxpresso.tools.win32_25.6.0.202501151204/tools/bin/../lib/gcc/arm-none-eabi/14.2.1/thumb/v7-m/nofp\libcr_eabihelpers.a(division_64.o)
__aeabi_uldivmod                                  C:/nxp/MCUXpressoIDE_25.6.136/ide/plugins/com.nxp.mcuxpresso.tools.win32_25.6.0.202501151204/tools/bin/../lib/gcc/arm-none-eabi/14.2.1/thumb/v7-m/nofp\libcr_eabihelpers.a(division_64.o)
                                                  C:\Users\franm\Documents\MCUXpressoIDE_25.6.136\workspace_drivers\CMSISv2p00_LPC17xx\Debug\libCMSISv2p00_LPC17xx.a(system_LPC17xx.o)
__bhs_ldivmod1                                    C:/nxp/MCUXpressoIDE_25.6.136/ide/plugins/com.nxp.mcuxpresso.tools.win32_25.6.0.202501151204/tools/bin/../lib/gcc/arm-none-eabi/14.2.1/thumb/v7-m/nofp\libcr_eabihelpers.a(division_64.o)
__bss_section_table_end                           ./src/cr_startup_lpc175x_6x.o
__data_section_table                              ./src/cr_startup_lpc175x_6x.o
__data_section_table_end                          ./src/cr_startup_lpc175x_6x.o
__main                                            C:/nxp/MCUXpressoIDE_25.6.136/ide/plugins/com.nxp.mcuxpresso.tools.win32_25.6.0.202501151204/tools/bin/../lib/gcc/arm-none-eabi/14.2.1/../../../../arm-none-eabi/lib/thumb/v7-m/nofp\libcr_c.a(__weak__main.o)
                                                  ./src/cr_startup_lpc175x_6x.o
__valid_user_code_checksum                        ./src/cr_startup_lpc175x_6x.o
__weak_main                                       C:/nxp/MCUXpressoIDE_25.6.136/ide/plugins/com.nxp.mcuxpresso.tools.win32_25.6.0.202501151204/tools/bin/../lib/gcc/arm-none-eabi/14.2.1/../../../../arm-none-eabi/lib/thumb/v7-m/nofp\libcr_c.a(__weak__main.o)
_vStackTop                                        ./src/cr_startup_lpc175x_6x.o
bss_init                                          ./src/cr_startup_lpc175x_6x.o
check_failed                                      C:\Users\franm\Documents\MCUXpressoIDE_25.6.136\workspace_drivers\CMSISv2p00_LPC17xx\Debug\libCMSISv2p00_LPC17xx.a(lpc17xx_libcfg_default.o)
                                                  C:\Users\franm\Documents\MCUXpressoIDE_25.6.136\workspace_drivers\CMSISv2p00_LPC17xx\Debug\libCMSISv2p00_LPC17xx.a(lpc17xx_gpdma.o)
data_init                                         ./src/cr_startup_lpc175x_6x.o
g_pfnVectors                                      ./src/cr_startup_lpc175x_6x.o
main                                              ./src/main.o
                                                  C:/nxp/MCUXpressoIDE_25.6.136/ide/plugins/com.nxp.mcuxpresso.tools.win32_25.6.0.202501151204/tools/bin/../lib/gcc/arm-none-eabi/14.2.1/../../../../arm-none-eabi/lib/thumb/v7-m/nofp\libcr_c.a(__weak__main.o)
pGPDMACh                                          C:\Users\franm\Documents\MCUXpressoIDE_25.6.136\workspace_drivers\CMSISv2p00_LPC17xx\Debug\libCMSISv2p00_LPC17xx.a(lpc17xx_gpdma.o)
